192.168.1.27 - - [30/Apr/2019:09:12:23 +0800] "GET /joker/classCte/getClass.do HTTP/1.1" 200 1297 http-bio-8080-exec-1 437
192.168.1.27 - - [30/Apr/2019:09:12:24 +0800] "GET /favicon.ico HTTP/1.1" 404 - http-bio-8080-exec-2 0
0:0:0:0:0:0:0:1 - - [30/Apr/2019:09:15:09 +0800] "POST /joker/shoppingCart.do?userId=1 HTTP/1.1" 200 12 http-bio-8080-exec-6 103
0:0:0:0:0:0:0:1 - - [30/Apr/2019:09:17:21 +0800] "POST /joker/shoppingCart.do?userId=1 HTTP/1.1" 200 12 http-bio-8080-exec-2 476
192.168.1.23 - - [30/Apr/2019:09:18:39 +0800] "GET /joker/user/login.do HTTP/1.1" 200 - http-bio-8080-exec-1 337
192.168.1.23 - - [30/Apr/2019:09:18:40 +0800] "GET /favicon.ico HTTP/1.1" 404 - http-bio-8080-exec-3 0
0:0:0:0:0:0:0:1 - - [30/Apr/2019:09:18:48 +0800] "POST /joker/shoppingCart.do?userId=1 HTTP/1.1" 200 12 http-bio-8080-exec-6 56
0:0:0:0:0:0:0:1 - - [30/Apr/2019:09:19:02 +0800] "POST /joker/shoppingCart.do?userId=1 HTTP/1.1" 200 12 http-bio-8080-exec-7 16
0:0:0:0:0:0:0:1 - - [30/Apr/2019:09:19:54 +0800] "POST /joker/shoppingCart.do?userId=1 HTTP/1.1" 200 12 http-bio-8080-exec-2 350
0:0:0:0:0:0:0:1 - - [30/Apr/2019:09:21:41 +0800] "POST /joker/shoppingCart.do?userId=1 HTTP/1.1" 200 12 http-bio-8080-exec-2 231
0:0:0:0:0:0:0:1 - - [30/Apr/2019:09:25:28 +0800] "POST /joker/shoppingCart.do?userId=1 HTTP/1.1" 200 12 http-bio-8080-exec-2 320
192.168.1.30 - - [30/Apr/2019:09:26:55 +0800] "POST /joker/user/login.do HTTP/1.1" 200 - http-bio-8080-exec-4 148
192.168.1.54 - - [30/Apr/2019:09:29:33 +0800] "GET /joker/index/search.do%20=g&cb=callback HTTP/1.1" 404 1035 http-bio-8080-exec-6 9
192.168.1.54 - - [30/Apr/2019:09:29:33 +0800] "GET /joker/index/search.do%20=g'j'k&cb=callback HTTP/1.1" 404 1043 http-bio-8080-exec-7 2
192.168.1.54 - - [30/Apr/2019:09:29:33 +0800] "GET /joker/index/search.do%20=g'j'k&cb=callback HTTP/1.1" 404 1043 http-bio-8080-exec-8 2
192.168.1.54 - - [30/Apr/2019:09:29:33 +0800] "GET /joker/index/search.do%20=g'j'k'f&cb=callback HTTP/1.1" 404 1047 http-bio-8080-exec-9 1
192.168.1.54 - - [30/Apr/2019:09:29:34 +0800] "GET /joker/index/search.do%20=g'j'k'f'd&cb=callback HTTP/1.1" 404 1051 http-bio-8080-exec-10 2
192.168.1.54 - - [30/Apr/2019:09:29:34 +0800] "GET /joker/index/search.do%20=g'j'k'f'd'k'j&cb=callback HTTP/1.1" 404 1059 http-bio-8080-exec-10 3
192.168.1.54 - - [30/Apr/2019:09:29:34 +0800] "GET /joker/index/search.do%20=g'j'k'f'd'k'j'd'n&cb=callback HTTP/1.1" 404 1067 http-bio-8080-exec-10 1
192.168.1.54 - - [30/Apr/2019:09:29:34 +0800] "GET /joker/index/search.do%20=g'j'k'f'd'k'j'd'n&cb=callback HTTP/1.1" 404 1067 http-bio-8080-exec-10 1
192.168.1.54 - - [30/Apr/2019:09:29:34 +0800] "GET /joker/index/search.do%20=g'j'k'f'd'k'j'd'n'j'k&cb=callback HTTP/1.1" 404 1075 http-bio-8080-exec-10 2
192.168.1.54 - - [30/Apr/2019:09:29:34 +0800] "GET /joker/index/search.do%20=g'j'k'f'd'k'j'd'n'j'k&cb=callback HTTP/1.1" 404 1075 http-bio-8080-exec-10 2
192.168.1.54 - - [30/Apr/2019:09:29:35 +0800] "GET /joker/index/search.do%20=g'j'k'f'd'k'j'd'n'j'k'f'd&cb=callback HTTP/1.1" 404 1083 http-bio-8080-exec-10 2
192.168.1.54 - - [30/Apr/2019:09:29:35 +0800] "GET /joker/index/search.do%20=g'j'k'f'd'k'j'd'n'j'k'f'd&cb=callback HTTP/1.1" 404 1083 http-bio-8080-exec-10 3
192.168.1.54 - - [30/Apr/2019:09:29:35 +0800] "GET /joker/index/search.do%20=g'j'k'f'd'k'j'd'n'j'k'f'd'j'k&cb=callback HTTP/1.1" 404 1091 http-bio-8080-exec-10 2
192.168.1.54 - - [30/Apr/2019:09:29:35 +0800] "GET /joker/index/search.do%20=g'j'k'f'd'k'j'd'n'j'k'f'd'j'k&cb=callback HTTP/1.1" 404 1091 http-bio-8080-exec-10 2
192.168.1.54 - - [30/Apr/2019:09:29:35 +0800] "GET /joker/index/search.do%20=g'j'k'f'd'k'j'd'n'j'k'f'd'j'k'd'n&cb=callback HTTP/1.1" 404 1099 http-bio-8080-exec-10 2
192.168.1.54 - - [30/Apr/2019:09:29:35 +0800] "GET /joker/index/search.do%20=g'j'k'f'd'k'j'd'n'j'k'f'd'j'k'd'n&cb=callback HTTP/1.1" 404 1099 http-bio-8080-exec-10 1
192.168.1.54 - - [30/Apr/2019:09:29:36 +0800] "GET /joker/index/search.do%20=g'j'k'f'd'k'j'd'n'j'k'f'd'j'k'd'n'k'd&cb=callback HTTP/1.1" 404 1107 http-bio-8080-exec-10 3
192.168.1.54 - - [30/Apr/2019:09:29:36 +0800] "GET /joker/index/search.do%20=g'j'k'f'd'k'j'd'n'j'k'f'd'j'k'd'n'k'd&cb=callback HTTP/1.1" 404 1107 http-bio-8080-exec-10 2
192.168.1.54 - - [30/Apr/2019:09:29:36 +0800] "GET /joker/index/search.do%20=g'j'k'f'd'k'j'd'n'j'k'f'd'j'k'd'n'k'd&cb=callback HTTP/1.1" 404 1107 http-bio-8080-exec-10 1
192.168.1.54 - - [30/Apr/2019:09:29:36 +0800] "GET /joker/index/search.do%20=g'j'k'f'd'k'j'd'n'j'k'f'd'j'k'd'n'k'd&cb=callback HTTP/1.1" 404 1107 http-bio-8080-exec-10 1
192.168.1.54 - - [30/Apr/2019:09:29:36 +0800] "GET /joker/index/search.do%20=g'j'k'f'd'k'j'd'n'j'k'f'd'j'k'd'n'k'd&cb=callback HTTP/1.1" 404 1107 http-bio-8080-exec-10 2
192.168.1.54 - - [30/Apr/2019:09:29:36 +0800] "GET /joker/index/search.do%20=g'j'k'f'd'k'j'd'n'j'k'f'd'j'k'd'n'k'd&cb=callback HTTP/1.1" 404 1107 http-bio-8080-exec-10 2
192.168.1.54 - - [30/Apr/2019:09:29:36 +0800] "GET /joker/index/search.do%20=g'j'k'f'd'k'j'd'n'j'k'f'd'j'k'd'n'k'd&cb=callback HTTP/1.1" 404 1107 http-bio-8080-exec-10 0
192.168.1.54 - - [30/Apr/2019:09:29:36 +0800] "GET /joker/index/search.do%20=g'j'k'f'd'k'j'd'n'j'k'f'd'j'k'd'n'k'd&cb=callback HTTP/1.1" 404 1107 http-bio-8080-exec-10 1
192.168.1.54 - - [30/Apr/2019:09:29:37 +0800] "GET /joker/index/search.do%20=g'j'k'f'd'k'j'd'n'j'k'f'd'j'k'd'n'k'd&cb=callback HTTP/1.1" 404 1107 http-bio-8080-exec-10 2
192.168.1.54 - - [30/Apr/2019:09:29:37 +0800] "GET /joker/index/search.do%20=g'j'k'f'd'k'j'd'n'j'k'f'd'j'k'd'n'k'd&cb=callback HTTP/1.1" 404 1107 http-bio-8080-exec-10 2
192.168.1.54 - - [30/Apr/2019:09:29:37 +0800] "GET /joker/index/search.do%20=g'j'k'f'd'k'j'd'n'j'k'f'd'j'k'd'n'k'd&cb=callback HTTP/1.1" 404 1107 http-bio-8080-exec-10 2
192.168.1.54 - - [30/Apr/2019:09:29:37 +0800] "GET /joker/index/search.do%20=g'j'k'f'd'k'j'd'n'j'k'f'd'j'k'd'n'k'd&cb=callback HTTP/1.1" 404 1107 http-bio-8080-exec-10 1
192.168.1.54 - - [30/Apr/2019:09:29:37 +0800] "GET /joker/index/search.do%20=g'j'k'f'd'k'j'd'n'j'k'f'd'j'k'd'n'k'd&cb=callback HTTP/1.1" 404 1107 http-bio-8080-exec-10 1
192.168.1.54 - - [30/Apr/2019:09:29:37 +0800] "GET /joker/index/search.do%20=g'j'k'f'd'k'j'd'n'j'k'f'd'j'k'd'n'k'd&cb=callback HTTP/1.1" 404 1107 http-bio-8080-exec-10 0
192.168.1.54 - - [30/Apr/2019:09:29:38 +0800] "GET /joker/index/search.do%20=g'j'k'f'd'k'j'd'n'j'k'f'd'j'k'd'n'k'd&cb=callback HTTP/1.1" 404 1107 http-bio-8080-exec-8 2
192.168.1.54 - - [30/Apr/2019:09:29:38 +0800] "GET /joker/index/search.do%20=g'j'k'f'd'k'j'd'n'j'k'f'd'j'k'd'n'k&cb=callback HTTP/1.1" 404 1103 http-bio-8080-exec-8 1
192.168.1.54 - - [30/Apr/2019:09:29:39 +0800] "GET /joker/index/search.do%20=g'j'k'f'd'k'j'd'n'j'k'f'd'j'k'd'n&cb=callback HTTP/1.1" 404 1099 http-bio-8080-exec-8 1
192.168.1.54 - - [30/Apr/2019:09:29:39 +0800] "GET /joker/index/search.do%20=g'j'k'f'd'k'j'd'n'j'k'f'd'j'k'd&cb=callback HTTP/1.1" 404 1095 http-bio-8080-exec-8 0
192.168.1.54 - - [30/Apr/2019:09:29:39 +0800] "GET /joker/index/search.do%20=g'j'k'f'd'k'j'd'n'j'k'f'd'j'k&cb=callback HTTP/1.1" 404 1091 http-bio-8080-exec-8 2
192.168.1.54 - - [30/Apr/2019:09:29:39 +0800] "GET /joker/index/search.do%20=g'j'k'f'd'k'j'd'n'j'k'f'd'j&cb=callback HTTP/1.1" 404 1087 http-bio-8080-exec-8 2
192.168.1.54 - - [30/Apr/2019:09:29:39 +0800] "GET /joker/index/search.do%20=g'j'k'f'd'k'j'd'n'j'k'f'd&cb=callback HTTP/1.1" 404 1083 http-bio-8080-exec-8 2
192.168.1.54 - - [30/Apr/2019:09:29:39 +0800] "GET /joker/index/search.do%20=g'j'k'f'd'k'j'd'n'j'k'f&cb=callback HTTP/1.1" 404 1079 http-bio-8080-exec-8 2
192.168.1.54 - - [30/Apr/2019:09:29:40 +0800] "GET /joker/index/search.do%20=g'j'k'f'd'k'j'd'n'j'k&cb=callback HTTP/1.1" 404 1075 http-bio-8080-exec-8 1
192.168.1.54 - - [30/Apr/2019:09:29:40 +0800] "GET /joker/index/search.do%20=g'j'k'f'd'k'j'd'n'j&cb=callback HTTP/1.1" 404 1071 http-bio-8080-exec-8 1
192.168.1.54 - - [30/Apr/2019:09:29:40 +0800] "GET /joker/index/search.do%20=g'j'k'f'd'k'j'd'n&cb=callback HTTP/1.1" 404 1067 http-bio-8080-exec-8 3
192.168.1.54 - - [30/Apr/2019:09:29:40 +0800] "GET /joker/index/search.do%20=g'j'k'f'd'k'j'd&cb=callback HTTP/1.1" 404 1063 http-bio-8080-exec-8 2
192.168.1.54 - - [30/Apr/2019:09:29:40 +0800] "GET /joker/index/search.do%20=g'j'k'f'd'k'j&cb=callback HTTP/1.1" 404 1059 http-bio-8080-exec-8 2
192.168.1.54 - - [30/Apr/2019:09:29:41 +0800] "GET /joker/index/search.do%20=g'j'k'f'd'k&cb=callback HTTP/1.1" 404 1055 http-bio-8080-exec-8 2
192.168.1.54 - - [30/Apr/2019:09:29:41 +0800] "GET /joker/index/search.do%20=g'j'k'f'd&cb=callback HTTP/1.1" 404 1051 http-bio-8080-exec-8 1
192.168.1.54 - - [30/Apr/2019:09:29:41 +0800] "GET /joker/index/search.do%20=g'j'k'f&cb=callback HTTP/1.1" 404 1047 http-bio-8080-exec-8 1
192.168.1.54 - - [30/Apr/2019:09:29:41 +0800] "GET /joker/index/search.do%20=g'j'k&cb=callback HTTP/1.1" 404 1043 http-bio-8080-exec-8 1
192.168.1.54 - - [30/Apr/2019:09:29:41 +0800] "GET /joker/index/search.do%20=g'j&cb=callback HTTP/1.1" 404 1039 http-bio-8080-exec-8 2
192.168.1.54 - - [30/Apr/2019:09:29:41 +0800] "GET /joker/index/search.do%20=g&cb=callback HTTP/1.1" 404 1035 http-bio-8080-exec-10 2
192.168.1.54 - - [30/Apr/2019:09:29:42 +0800] "GET /joker/index/search.do%20=&cb=callback HTTP/1.1" 404 1033 http-bio-8080-exec-10 2
192.168.1.30 - - [30/Apr/2019:09:30:44 +0800] "OPTIONS /joker/closing.do HTTP/1.1" 200 - http-bio-8080-exec-2 8
192.168.1.30 - - [30/Apr/2019:09:30:44 +0800] "POST /joker/closing.do HTTP/1.1" 200 35 http-bio-8080-exec-2 302
192.168.1.78 - - [30/Apr/2019:09:31:45 +0800] "POST /joker/getOrderFormUserId.do HTTP/1.1" 200 12 http-bio-8080-exec-5 16
192.168.1.27 - - [30/Apr/2019:09:32:23 +0800] "GET /joker/classCte/getClass.do HTTP/1.1" 200 1297 http-bio-8080-exec-7 216
192.168.1.27 - - [30/Apr/2019:09:34:13 +0800] "GET /joker/classCte/getClass.do HTTP/1.1" 200 1297 http-bio-8080-exec-9 29
192.168.1.21 - - [30/Apr/2019:09:36:16 +0800] "POST /joker/user/login.do HTTP/1.1" 200 - http-bio-8080-exec-10 16
192.168.1.21 - - [30/Apr/2019:09:36:23 +0800] "POST /joker/user/login.do HTTP/1.1" 200 - http-bio-8080-exec-4 3
192.168.1.27 - - [30/Apr/2019:09:42:56 +0800] "GET /joker/classCte/getClass.do HTTP/1.1" 200 1297 http-bio-8080-exec-6 28
192.168.1.27 - - [30/Apr/2019:09:43:34 +0800] "GET /joker/classCte/getClass.do HTTP/1.1" 200 1297 http-bio-8080-exec-6 28
192.168.1.27 - - [30/Apr/2019:09:43:57 +0800] "GET /joker/classCte/getClass.do HTTP/1.1" 200 1297 http-bio-8080-exec-6 18
192.168.1.23 - - [30/Apr/2019:09:48:40 +0800] "GET /joker/user/registered.do?m=checkAccount&account=%E5%87%89%E5%87%89 HTTP/1.1" 200 11 http-bio-8080-exec-1 28
192.168.1.23 - - [30/Apr/2019:09:49:11 +0800] "POST /joker/user/registered.do HTTP/1.1" 200 11 http-bio-8080-exec-3 4
192.168.1.23 - - [30/Apr/2019:09:50:59 +0800] "GET /joker/user/registered.do?m=checkAccount&account=%E5%87%89%E5%87%89 HTTP/1.1" 200 11 http-bio-8080-exec-4 9
192.168.1.23 - - [30/Apr/2019:09:51:18 +0800] "POST /joker/user/registered.do HTTP/1.1" 200 11 http-bio-8080-exec-5 13
192.168.1.54 - - [30/Apr/2019:10:00:21 +0800] "GET /joker/index/search.do%20=%E5%B7%A5%E8%A1%8C HTTP/1.1" 404 1037 http-bio-8080-exec-9 4
192.168.1.54 - - [30/Apr/2019:10:00:21 +0800] "GET /favicon.ico HTTP/1.1" 404 - http-bio-8080-exec-9 0
192.168.1.23 - - [30/Apr/2019:10:03:29 +0800] "GET /joker/user/registered.do?m=checkAccount&account=%E5%87%89%E5%87%89 HTTP/1.1" 200 11 http-bio-8080-exec-3 5
192.168.1.23 - - [30/Apr/2019:10:03:49 +0800] "POST /joker/user/registered.do HTTP/1.1" 200 11 http-bio-8080-exec-4 8
192.168.1.23 - - [30/Apr/2019:10:07:12 +0800] "GET /joker/user/registered.do?m=checkAccount&account=%E6%94%BE HTTP/1.1" 200 11 http-bio-8080-exec-6 11
192.168.1.23 - - [30/Apr/2019:10:07:28 +0800] "POST /joker/user/registered.do HTTP/1.1" 200 11 http-bio-8080-exec-10 4
192.168.1.23 - - [30/Apr/2019:10:10:53 +0800] "GET /joker/user/registered.do?m=checkAccount&account=%E5%87%89%E5%87%89 HTTP/1.1" 200 11 http-bio-8080-exec-8 3
192.168.1.23 - - [30/Apr/2019:10:11:18 +0800] "POST /joker/user/login.do HTTP/1.1" 200 - http-bio-8080-exec-5 48
192.168.1.23 - - [30/Apr/2019:10:11:24 +0800] "POST /joker/user/registered.do HTTP/1.1" 200 11 http-bio-8080-exec-4 13
192.168.1.54 - - [30/Apr/2019:10:14:51 +0800] "GET /joker/index/search.do%20=%E7%8E%AF%E5%A2%83%E7%9B%91%E6%B5%8B HTTP/1.1" 404 1073 http-bio-8080-exec-9 4
192.168.1.33 - - [30/Apr/2019:10:17:46 +0800] "HEAD /joker/manager/manager-product.html HTTP/1.1" 404 - http-bio-8080-exec-3 3
192.168.1.33 - - [30/Apr/2019:10:17:46 +0800] "GET /joker/manager/manager-product.html HTTP/1.1" 404 1019 http-bio-8080-exec-7 0
192.168.1.33 - - [30/Apr/2019:10:18:06 +0800] "HEAD /joker/manager/manager-product.html HTTP/1.1" 404 - http-bio-8080-exec-3 1
192.168.1.33 - - [30/Apr/2019:10:18:06 +0800] "GET /joker/manager/manager-product.html HTTP/1.1" 404 1019 http-bio-8080-exec-4 1
192.168.1.23 - - [30/Apr/2019:10:24:47 +0800] "POST /joker/user/registered.do HTTP/1.1" 200 11 http-bio-8080-exec-10 10
192.168.1.23 - - [30/Apr/2019:10:27:10 +0800] "POST /joker/user/registered.do HTTP/1.1" 200 11 http-bio-8080-exec-9 13
192.168.1.27 - - [30/Apr/2019:10:27:10 +0800] "GET /joker/classCte/getClass.do HTTP/1.1" 200 1297 http-bio-8080-exec-5 24
192.168.1.27 - - [30/Apr/2019:10:27:24 +0800] "GET /joker/classCte/getClass.do HTTP/1.1" 200 1297 http-bio-8080-exec-5 25
192.168.1.27 - - [30/Apr/2019:10:27:25 +0800] "GET /joker/classCte/getClass.do HTTP/1.1" 200 1297 http-bio-8080-exec-5 7
192.168.1.23 - - [30/Apr/2019:10:28:03 +0800] "POST /joker/user/registered.do HTTP/1.1" 200 11 http-bio-8080-exec-4 14
192.168.1.23 - - [30/Apr/2019:10:28:22 +0800] "POST /joker/user/registered.do HTTP/1.1" 200 11 http-bio-8080-exec-1 5
192.168.1.23 - - [30/Apr/2019:10:28:29 +0800] "POST /joker/user/registered.do HTTP/1.1" 200 11 http-bio-8080-exec-1 3
192.168.1.27 - - [30/Apr/2019:10:28:50 +0800] "GET /joker/classCte/getClass.do HTTP/1.1" 200 1297 http-bio-8080-exec-7 17
192.168.1.27 - - [30/Apr/2019:10:29:34 +0800] "GET /joker/classCte/getClass.do HTTP/1.1" 200 1297 http-bio-8080-exec-7 24
192.168.1.27 - - [30/Apr/2019:10:29:52 +0800] "GET /joker/classCte/getClass.do HTTP/1.1" 200 1297 http-bio-8080-exec-7 11
192.168.1.23 - - [30/Apr/2019:10:30:18 +0800] "GET /joker/user/registered.do?m=checkAccount&account=%E5%87%89%E5%87%89 HTTP/1.1" 200 11 http-bio-8080-exec-3 6
192.168.1.23 - - [30/Apr/2019:10:30:36 +0800] "POST /joker/user/registered.do HTTP/1.1" 200 11 http-bio-8080-exec-10 4
192.168.1.27 - - [30/Apr/2019:10:30:50 +0800] "GET /joker/classCte/getClass.do HTTP/1.1" 200 1297 http-bio-8080-exec-7 11
192.168.1.23 - - [30/Apr/2019:10:32:47 +0800] "GET /joker/user/registered.do?m=checkAccount&account=%E5%87%89%E5%87%89 HTTP/1.1" 200 11 http-bio-8080-exec-8 8
192.168.1.27 - - [30/Apr/2019:10:33:05 +0800] "GET /joker/classCte/getClass.do HTTP/1.1" 200 1297 http-bio-8080-exec-6 7
192.168.1.23 - - [30/Apr/2019:10:33:35 +0800] "GET /joker/user/registered.do?m=checkAccount&account=%E5%87%89%E5%87%89 HTTP/1.1" 200 11 http-bio-8080-exec-4 11
192.168.1.27 - - [30/Apr/2019:10:33:41 +0800] "GET /joker/classCte/getClass.do HTTP/1.1" 200 1297 http-bio-8080-exec-6 13
192.168.1.23 - - [30/Apr/2019:10:33:48 +0800] "POST /joker/user/registered.do HTTP/1.1" 200 11 http-bio-8080-exec-10 5
192.168.1.23 - - [30/Apr/2019:10:33:51 +0800] "POST /joker/user/registered.do HTTP/1.1" 200 11 http-bio-8080-exec-7 7
192.168.1.23 - - [30/Apr/2019:10:36:49 +0800] "GET /joker/user/registered.do?m=checkAccount&account=%E5%87%89%E5%87%89 HTTP/1.1" 200 11 http-bio-8080-exec-2 3
192.168.1.27 - - [30/Apr/2019:10:36:50 +0800] "GET /joker/classCte/getClass.do HTTP/1.1" 200 1297 http-bio-8080-exec-4 12
192.168.1.23 - - [30/Apr/2019:10:37:33 +0800] "POST /joker/user/registered.do HTTP/1.1" 200 11 http-bio-8080-exec-1 5
192.168.1.27 - - [30/Apr/2019:10:37:38 +0800] "GET /joker/classCte/getClass.do HTTP/1.1" 200 1297 http-bio-8080-exec-4 7
192.168.1.27 - - [30/Apr/2019:10:38:50 +0800] "GET /joker/classCte/getClass.do HTTP/1.1" 200 1297 http-bio-8080-exec-7 10
192.168.1.27 - - [30/Apr/2019:10:39:14 +0800] "GET /joker/classCte/getClass.do HTTP/1.1" 200 1297 http-bio-8080-exec-7 21
192.168.1.27 - - [30/Apr/2019:10:41:44 +0800] "GET /joker/classCte/getClass.do HTTP/1.1" 200 1297 http-bio-8080-exec-3 8
192.168.1.27 - - [30/Apr/2019:10:42:33 +0800] "GET /joker/classCte/getClass.do HTTP/1.1" 200 1297 http-bio-8080-exec-3 6
192.168.1.27 - - [30/Apr/2019:10:42:48 +0800] "GET /joker/classCte/getClass.do HTTP/1.1" 200 1297 http-bio-8080-exec-3 7
192.168.1.27 - - [30/Apr/2019:10:44:34 +0800] "GET /joker/classCte/getClass.do HTTP/1.1" 200 1297 http-bio-8080-exec-8 8
192.168.1.27 - - [30/Apr/2019:10:44:50 +0800] "GET /joker/classCte/getClass.do HTTP/1.1" 200 1297 http-bio-8080-exec-8 7
192.168.1.27 - - [30/Apr/2019:10:48:54 +0800] "GET /joker/classCte/getClass.do HTTP/1.1" 200 1297 http-bio-8080-exec-9 18
192.168.1.27 - - [30/Apr/2019:10:49:55 +0800] "GET /joker/classCte/getClass.do HTTP/1.1" 200 1297 http-bio-8080-exec-7 8
192.168.1.78 - - [30/Apr/2019:10:50:38 +0800] "POST /joker/shoppingCart.do HTTP/1.1" 200 12 http-bio-8080-exec-2 36
192.168.1.78 - - [30/Apr/2019:10:51:10 +0800] "POST /joker/shoppingCart.do HTTP/1.1" 200 12 http-bio-8080-exec-2 24
192.168.1.27 - - [30/Apr/2019:10:52:23 +0800] "GET /joker/classCte/getClass.do HTTP/1.1" 200 1297 http-bio-8080-exec-1 8
192.168.1.78 - - [30/Apr/2019:10:52:44 +0800] "POST /joker/shoppingCart.do HTTP/1.1" 200 12 http-bio-8080-exec-8 9
192.168.1.27 - - [30/Apr/2019:10:52:48 +0800] "GET /joker/classCte/getClass.do HTTP/1.1" 200 1297 http-bio-8080-exec-1 7
192.168.1.27 - - [30/Apr/2019:10:52:58 +0800] "GET /joker/classCte/getClass.do HTTP/1.1" 200 1297 http-bio-8080-exec-1 6
192.168.1.27 - - [30/Apr/2019:10:53:13 +0800] "GET /joker/classCte/getClass.do HTTP/1.1" 200 1297 http-bio-8080-exec-1 9
192.168.1.78 - - [30/Apr/2019:10:54:10 +0800] "POST /joker/shoppingCart.do HTTP/1.1" 200 12 http-bio-8080-exec-7 13
192.168.1.78 - - [30/Apr/2019:10:55:36 +0800] "POST /joker/shoppingCart.do HTTP/1.1" 200 12 http-bio-8080-exec-2 13
192.168.1.102 - - [30/Apr/2019:10:57:24 +0800] "POST /joker/shoppingCart.do HTTP/1.1" 200 12 http-bio-8080-exec-6 17
192.168.1.33 - - [30/Apr/2019:10:58:22 +0800] "HEAD /joker/classCte/keySelectProduct.do HTTP/1.1" 200 - http-bio-8080-exec-5 20
192.168.1.33 - - [30/Apr/2019:10:58:22 +0800] "GET /joker/classCte/keySelectProduct.do HTTP/1.1" 200 12 http-bio-8080-exec-8 4
192.168.1.33 - - [30/Apr/2019:10:58:23 +0800] "GET /joker/classCte/keySelectProduct.do HTTP/1.1" 200 12 http-bio-8080-exec-1 4
192.168.1.33 - - [30/Apr/2019:10:58:23 +0800] "GET /favicon.ico HTTP/1.1" 404 - http-bio-8080-exec-1 0
192.168.1.27 - - [30/Apr/2019:10:58:51 +0800] "GET /joker/classCte/getClass.do HTTP/1.1" 200 1297 http-bio-8080-exec-9 18
192.168.1.33 - - [30/Apr/2019:10:58:53 +0800] "HEAD /joker/classCte/keySelectProduct.do HTTP/1.1" 200 - http-bio-8080-exec-5 14
192.168.1.33 - - [30/Apr/2019:10:58:53 +0800] "GET /joker/classCte/keySelectProduct.do HTTP/1.1" 200 12 http-bio-8080-exec-2 5
192.168.1.23 - - [30/Apr/2019:10:59:52 +0800] "GET /joker/user/registered.do?m=checkAccount&account=%E5%87%89%E5%87%89 HTTP/1.1" 200 11 http-bio-8080-exec-6 8
192.168.1.33 - - [30/Apr/2019:10:59:58 +0800] "HEAD /joker/classCte/keySelectProduct.do HTTP/1.1" 200 - http-bio-8080-exec-10 12
192.168.1.33 - - [30/Apr/2019:10:59:59 +0800] "GET /joker/classCte/keySelectProduct.do HTTP/1.1" 200 12 http-bio-8080-exec-7 6
192.168.1.33 - - [30/Apr/2019:11:00:06 +0800] "POST /joker/classCte/keySelectProduct.do HTTP/1.1" 200 12 http-bio-8080-exec-9 10
192.168.1.33 - - [30/Apr/2019:11:00:09 +0800] "POST /joker/classCte/keySelectProduct.do HTTP/1.1" 200 12 http-bio-8080-exec-9 20
192.168.1.23 - - [30/Apr/2019:11:00:24 +0800] "POST /joker/user/registered.do HTTP/1.1" 200 11 http-bio-8080-exec-2 5
192.168.1.33 - - [30/Apr/2019:11:00:34 +0800] "HEAD /joker/manager/manager-product.html HTTP/1.1" 404 - http-bio-8080-exec-10 4
192.168.1.33 - - [30/Apr/2019:11:00:34 +0800] "GET /joker/manager/manager-product.html HTTP/1.1" 404 1019 http-bio-8080-exec-4 2
192.168.1.33 - - [30/Apr/2019:11:00:38 +0800] "HEAD /joker/manager/manager-product.html HTTP/1.1" 404 - http-bio-8080-exec-10 0
192.168.1.33 - - [30/Apr/2019:11:00:38 +0800] "GET /joker/manager/manager-product.html HTTP/1.1" 404 1019 http-bio-8080-exec-3 1
192.168.1.27 - - [30/Apr/2019:11:01:18 +0800] "GET /joker/classCte/getClass.do HTTP/1.1" 200 1297 http-bio-8080-exec-2 20
192.168.1.27 - - [30/Apr/2019:11:02:22 +0800] "GET /joker/classCte/getClass.do HTTP/1.1" 200 1297 http-bio-8080-exec-8 6
192.168.1.27 - - [30/Apr/2019:11:03:52 +0800] "GET /joker/classCte/getClass.do HTTP/1.1" 200 1297 http-bio-8080-exec-5 6
192.168.1.78 - - [30/Apr/2019:11:05:22 +0800] "POST /joker/shoppingCart.do HTTP/1.1" 200 12 http-bio-8080-exec-3 14
192.168.1.78 - - [30/Apr/2019:11:05:27 +0800] "POST /joker/shoppingCart.do HTTP/1.1" 200 12 http-bio-8080-exec-9 12
192.168.1.78 - - [30/Apr/2019:11:05:36 +0800] "POST /joker/shoppingCart.do HTTP/1.1" 200 12 http-bio-8080-exec-10 7
192.168.1.27 - - [30/Apr/2019:11:06:13 +0800] "GET /joker/classCte/getClass.do HTTP/1.1" 200 1297 http-bio-8080-exec-4 50
192.168.1.27 - - [30/Apr/2019:11:06:28 +0800] "GET /joker/classCte/getClass.do HTTP/1.1" 200 1297 http-bio-8080-exec-4 8
192.168.1.27 - - [30/Apr/2019:11:08:04 +0800] "GET /joker/classCte/getClass.do HTTP/1.1" 200 1297 http-bio-8080-exec-5 25
192.168.1.102 - - [30/Apr/2019:11:08:30 +0800] "POST /joker/shoppingCart.do HTTP/1.1" 200 12 http-bio-8080-exec-3 5
192.168.1.102 - - [30/Apr/2019:11:08:33 +0800] "POST /joker/shoppingCart.do HTTP/1.1" 200 12 http-bio-8080-exec-3 4
192.168.1.27 - - [30/Apr/2019:11:08:40 +0800] "GET /joker/classCte/getClass.do HTTP/1.1" 200 1297 http-bio-8080-exec-5 6
192.168.1.27 - - [30/Apr/2019:11:09:33 +0800] "GET /joker/classCte/getClass.do HTTP/1.1" 200 1297 http-bio-8080-exec-5 6
192.168.1.27 - - [30/Apr/2019:11:09:53 +0800] "GET /joker/classCte/getClass.do HTTP/1.1" 200 1297 http-bio-8080-exec-5 6
192.168.1.27 - - [30/Apr/2019:11:11:11 +0800] "GET /joker/classCte/getClass.do HTTP/1.1" 200 1297 http-bio-8080-exec-10 9
192.168.1.27 - - [30/Apr/2019:11:12:13 +0800] "GET /joker/classCte/getClass.do HTTP/1.1" 200 1297 http-bio-8080-exec-7 5
192.168.1.102 - - [30/Apr/2019:11:12:25 +0800] "POST /joker/shoppingCart.do HTTP/1.1" 200 12 http-bio-8080-exec-9 5
192.168.1.33 - - [30/Apr/2019:11:13:07 +0800] "HEAD /joker/manager/manager-product.html HTTP/1.1" 404 - http-bio-8080-exec-8 2
192.168.1.33 - - [30/Apr/2019:11:13:07 +0800] "GET /joker/manager/manager-product.html HTTP/1.1" 404 1019 http-bio-8080-exec-6 2
192.168.1.33 - - [30/Apr/2019:11:13:57 +0800] "HEAD /joker/manager/manager-product.html HTTP/1.1" 404 - http-bio-8080-exec-8 1
192.168.1.33 - - [30/Apr/2019:11:13:57 +0800] "GET /joker/manager/manager-product.html HTTP/1.1" 404 1019 http-bio-8080-exec-10 0
192.168.1.33 - - [30/Apr/2019:11:14:11 +0800] "HEAD /joker/manager/manager-product.html HTTP/1.1" 404 - http-bio-8080-exec-8 1
192.168.1.33 - - [30/Apr/2019:11:14:11 +0800] "GET /joker/manager/manager-product.html HTTP/1.1" 404 1019 http-bio-8080-exec-3 1
192.168.1.33 - - [30/Apr/2019:11:14:17 +0800] "HEAD /joker/shoppingCart.do HTTP/1.1" 405 - http-bio-8080-exec-8 15
192.168.1.33 - - [30/Apr/2019:11:14:17 +0800] "GET /joker/shoppingCart.do HTTP/1.1" 405 1045 http-bio-8080-exec-7 5
192.168.1.33 - - [30/Apr/2019:11:14:18 +0800] "HEAD /joker/shoppingCart.do HTTP/1.1" 405 - http-bio-8080-exec-8 2
192.168.1.33 - - [30/Apr/2019:11:14:18 +0800] "GET /joker/shoppingCart.do HTTP/1.1" 405 1045 http-bio-8080-exec-1 2
192.168.1.33 - - [30/Apr/2019:11:14:20 +0800] "HEAD /joker/shoppingCart.do HTTP/1.1" 405 - http-bio-8080-exec-8 2
192.168.1.33 - - [30/Apr/2019:11:14:20 +0800] "GET /joker/shoppingCart.do HTTP/1.1" 405 1045 http-bio-8080-exec-5 2
192.168.1.33 - - [30/Apr/2019:11:14:22 +0800] "HEAD /joker/shoppingCart.do HTTP/1.1" 405 - http-bio-8080-exec-8 3
192.168.1.33 - - [30/Apr/2019:11:14:22 +0800] "GET /joker/shoppingCart.do HTTP/1.1" 405 1045 http-bio-8080-exec-9 3
192.168.1.33 - - [30/Apr/2019:11:14:26 +0800] "HEAD /joker/shoppingCart.do HTTP/1.1" 405 - http-bio-8080-exec-8 3
192.168.1.33 - - [30/Apr/2019:11:14:26 +0800] "GET /joker/shoppingCart.do HTTP/1.1" 405 1045 http-bio-8080-exec-10 2
192.168.1.27 - - [30/Apr/2019:11:14:58 +0800] "GET /joker/classCte/getClass.do HTTP/1.1" 200 1297 http-bio-8080-exec-2 7
192.168.1.27 - - [30/Apr/2019:11:15:14 +0800] "GET /joker/classCte/getClass.do HTTP/1.1" 200 1297 http-bio-8080-exec-2 6
192.168.1.33 - - [30/Apr/2019:11:15:28 +0800] "GET /joker/classCte/keySelectProduct.do HTTP/1.1" 200 12 http-bio-8080-exec-6 4
192.168.1.33 - - [30/Apr/2019:11:15:28 +0800] "GET /joker/classCte/keySelectProduct.do HTTP/1.1" 200 12 http-bio-8080-exec-6 5
192.168.1.33 - - [30/Apr/2019:11:15:28 +0800] "GET /joker/classCte/keySelectProduct.do HTTP/1.1" 200 12 http-bio-8080-exec-6 3
192.168.1.27 - - [30/Apr/2019:11:15:51 +0800] "GET /joker/classCte/getClass.do HTTP/1.1" 200 1297 http-bio-8080-exec-2 6
192.168.1.102 - - [30/Apr/2019:11:16:08 +0800] "POST /joker/shoppingCart.do HTTP/1.1" 200 12 http-bio-8080-exec-3 37
192.168.1.27 - - [30/Apr/2019:11:16:13 +0800] "GET /joker/classCte/getClass.do HTTP/1.1" 200 1297 http-bio-8080-exec-2 6
192.168.1.27 - - [30/Apr/2019:11:16:36 +0800] "GET /joker/classCte/getClass.do HTTP/1.1" 200 1297 http-bio-8080-exec-2 9
192.168.1.27 - - [30/Apr/2019:11:17:05 +0800] "GET /joker/classCte/getClass.do HTTP/1.1" 200 1297 http-bio-8080-exec-2 6
192.168.1.27 - - [30/Apr/2019:11:18:13 +0800] "GET /joker/classCte/getClass.do HTTP/1.1" 200 1297 http-bio-8080-exec-1 6
192.168.1.27 - - [30/Apr/2019:11:18:51 +0800] "GET /joker/classCte/getClass.do HTTP/1.1" 200 1297 http-bio-8080-exec-1 5
192.168.1.33 - - [30/Apr/2019:11:20:15 +0800] "HEAD /joker/manager/manager-product.html HTTP/1.1" 404 - http-bio-8080-exec-5 2
192.168.1.33 - - [30/Apr/2019:11:20:15 +0800] "GET /joker/manager/manager-product.html HTTP/1.1" 404 1019 http-bio-8080-exec-6 1
192.168.1.78 - - [30/Apr/2019:11:20:48 +0800] "POST /joker/shoppingCart.do HTTP/1.1" 200 12 http-bio-8080-exec-4 10
192.168.1.23 - - [30/Apr/2019:11:21:04 +0800] "POST /joker/user/registered.do HTTP/1.1" 200 11 http-bio-8080-exec-2 4
192.168.1.27 - - [30/Apr/2019:11:21:57 +0800] "GET /joker/classCte/getClass.do HTTP/1.1" 200 1297 http-bio-8080-exec-7 34
192.168.1.23 - - [30/Apr/2019:11:22:19 +0800] "POST /joker/user/registered.do HTTP/1.1" 200 11 http-bio-8080-exec-8 3
192.168.1.23 - - [30/Apr/2019:11:22:40 +0800] "POST /joker/user/registered.do HTTP/1.1" 200 11 http-bio-8080-exec-6 11
192.168.1.23 - - [30/Apr/2019:11:24:15 +0800] "POST /joker/user/registered.do HTTP/1.1" 200 11 http-bio-8080-exec-10 3
192.168.1.23 - - [30/Apr/2019:11:25:32 +0800] "POST /joker/user/login.do HTTP/1.1" 200 - http-bio-8080-exec-5 6
192.168.1.78 - - [30/Apr/2019:11:27:12 +0800] "POST /joker/shoppingCart.do HTTP/1.1" 200 12 http-bio-8080-exec-1 16
192.168.1.23 - - [30/Apr/2019:11:27:18 +0800] "POST /joker/user/registered.do HTTP/1.1" 200 11 http-bio-8080-exec-8 7
192.168.1.78 - - [30/Apr/2019:11:28:06 +0800] "POST /joker/shoppingCart.do HTTP/1.1" 200 12 http-bio-8080-exec-1 37
192.168.1.23 - - [30/Apr/2019:11:28:22 +0800] "POST /joker/user/registered.do HTTP/1.1" 200 11 http-bio-8080-exec-7 3
192.168.1.33 - - [30/Apr/2019:11:30:03 +0800] "HEAD /joker/manager/manager-product.html HTTP/1.1" 404 - http-bio-8080-exec-10 3
192.168.1.33 - - [30/Apr/2019:11:30:03 +0800] "GET /joker/manager/manager-product.html HTTP/1.1" 404 1019 http-bio-8080-exec-5 1
192.168.1.23 - - [30/Apr/2019:11:30:10 +0800] "GET /joker/user/registered.do?m=checkAccount&account=%E5%87%89%E5%87%89 HTTP/1.1" 200 11 http-bio-8080-exec-3 17
192.168.1.23 - - [30/Apr/2019:11:30:23 +0800] "POST /joker/user/login.do HTTP/1.1" 200 - http-bio-8080-exec-6 13
192.168.1.23 - - [30/Apr/2019:11:30:27 +0800] "POST /joker/user/registered.do HTTP/1.1" 200 11 http-bio-8080-exec-7 7
192.168.1.23 - - [30/Apr/2019:11:31:32 +0800] "GET /joker/user/registered.do?m=checkAccount&account=%E5%87%89%E5%87%89 HTTP/1.1" 200 11 http-bio-8080-exec-9 3
192.168.1.27 - - [30/Apr/2019:11:31:45 +0800] "GET /joker/classCte/getClass.do HTTP/1.1" 200 1297 http-bio-8080-exec-8 15
192.168.1.23 - - [30/Apr/2019:11:31:50 +0800] "POST /joker/user/login.do HTTP/1.1" 200 - http-bio-8080-exec-2 18
192.168.1.27 - - [30/Apr/2019:11:32:37 +0800] "GET /joker/classCte/getClass.do HTTP/1.1" 200 1297 http-bio-8080-exec-8 15
192.168.1.27 - - [30/Apr/2019:11:32:49 +0800] "GET /joker/classCte/getClass.do HTTP/1.1" 200 1297 http-bio-8080-exec-8 17
192.168.1.39 - - [30/Apr/2019:11:33:51 +0800] "POST /joker/classCte/getClass.do HTTP/1.1" 200 1297 http-bio-8080-exec-6 6
192.168.1.39 - - [30/Apr/2019:11:33:58 +0800] "GET /joker/classCte/getClass.do HTTP/1.1" 200 1297 http-bio-8080-exec-5 6
192.168.1.39 - - [30/Apr/2019:11:33:58 +0800] "GET /favicon.ico HTTP/1.1" 404 - http-bio-8080-exec-5 0
192.168.1.39 - - [30/Apr/2019:11:34:31 +0800] "POST /joker/classCte/getClass.do HTTP/1.1" 200 1297 http-bio-8080-exec-6 16
192.168.1.39 - - [30/Apr/2019:11:34:42 +0800] "POST /joker/classCte/getClass.do HTTP/1.1" 200 1297 http-bio-8080-exec-6 6
192.168.1.27 - - [30/Apr/2019:11:34:57 +0800] "GET /joker/classCte/getClass.do HTTP/1.1" 200 1297 http-bio-8080-exec-1 7
192.168.1.39 - - [30/Apr/2019:11:34:59 +0800] "POST /joker/classCte/getClass.do HTTP/1.1" 200 1297 http-bio-8080-exec-6 5
192.168.1.27 - - [30/Apr/2019:11:35:24 +0800] "GET /joker/classCte/getClass.do HTTP/1.1" 200 1297 http-bio-8080-exec-1 6
192.168.1.39 - - [30/Apr/2019:11:35:29 +0800] "POST /joker/classCte/getClass.do HTTP/1.1" 200 1297 http-bio-8080-exec-6 4
192.168.1.39 - - [30/Apr/2019:11:35:34 +0800] "POST /joker/classCte/getClass.do HTTP/1.1" 200 1297 http-bio-8080-exec-6 6
192.168.1.27 - - [30/Apr/2019:11:35:35 +0800] "GET /joker/classCte/getClass.do HTTP/1.1" 200 1297 http-bio-8080-exec-1 6
192.168.1.39 - - [30/Apr/2019:11:35:54 +0800] "POST /joker/classCte/getClass.do HTTP/1.1" 200 1297 http-bio-8080-exec-6 5
192.168.1.39 - - [30/Apr/2019:11:36:03 +0800] "POST /joker/classCte/getClass.do HTTP/1.1" 200 1297 http-bio-8080-exec-6 19
192.168.1.39 - - [30/Apr/2019:11:36:08 +0800] "POST /joker/classCte/getClass.do HTTP/1.1" 200 1297 http-bio-8080-exec-6 8
192.168.1.23 - - [30/Apr/2019:11:36:51 +0800] "GET /joker/deleteProduct.do HTTP/1.1" 404 949 http-bio-8080-exec-9 4
192.168.1.23 - - [30/Apr/2019:11:36:51 +0800] "GET /favicon.ico HTTP/1.1" 404 - http-bio-8080-exec-9 0
192.168.1.23 - - [30/Apr/2019:11:37:36 +0800] "GET /joker/classCte/getClass.do HTTP/1.1" 200 1297 http-bio-8080-exec-8 5
192.168.1.39 - - [30/Apr/2019:11:37:46 +0800] "POST /joker/classCte/getClass.do HTTP/1.1" 200 1297 http-bio-8080-exec-3 229
192.168.1.39 - - [30/Apr/2019:11:38:15 +0800] "POST /joker/classCte/getClass.do HTTP/1.1" 200 1297 http-bio-8080-exec-3 39
192.168.1.39 - - [30/Apr/2019:11:38:15 +0800] "POST /joker/product/getProduct.do HTTP/1.1" 200 1400 http-bio-8080-exec-10 45
192.168.1.39 - - [30/Apr/2019:11:38:22 +0800] "POST /joker/classCte/getClass.do HTTP/1.1" 200 1297 http-bio-8080-exec-10 8
192.168.1.39 - - [30/Apr/2019:11:38:22 +0800] "POST /joker/product/getProduct.do HTTP/1.1" 200 1400 http-bio-8080-exec-3 85
192.168.1.39 - - [30/Apr/2019:11:38:57 +0800] "POST /joker/classCte/getClass.do HTTP/1.1" 200 1297 http-bio-8080-exec-3 9
192.168.1.39 - - [30/Apr/2019:11:38:57 +0800] "POST /joker/product/getProduct.do HTTP/1.1" 200 1400 http-bio-8080-exec-10 11
192.168.1.39 - - [30/Apr/2019:11:40:36 +0800] "POST /joker/product/getProduct.do HTTP/1.1" 200 1400 http-bio-8080-exec-2 7
192.168.1.39 - - [30/Apr/2019:11:40:36 +0800] "POST /joker/classCte/getClass.do HTTP/1.1" 200 1297 http-bio-8080-exec-1 11
192.168.1.39 - - [30/Apr/2019:11:40:41 +0800] "POST /joker/classCte/getClass.do HTTP/1.1" 200 1297 http-bio-8080-exec-1 8
192.168.1.39 - - [30/Apr/2019:11:40:41 +0800] "POST /joker/product/getProduct.do HTTP/1.1" 200 1400 http-bio-8080-exec-2 5
192.168.1.39 - - [30/Apr/2019:11:40:44 +0800] "POST /joker/classCte/getClass.do HTTP/1.1" 200 1297 http-bio-8080-exec-2 5
192.168.1.39 - - [30/Apr/2019:11:40:44 +0800] "POST /joker/product/getProduct.do HTTP/1.1" 200 1400 http-bio-8080-exec-1 13
192.168.1.23 - - [30/Apr/2019:11:40:56 +0800] "GET /joker/deleteProduct.do?&userId=12&esId=18 HTTP/1.1" 404 949 http-bio-8080-exec-3 2
192.168.1.39 - - [30/Apr/2019:11:41:24 +0800] "POST /joker/classCte/getClass.do HTTP/1.1" 200 1297 http-bio-8080-exec-1 19
192.168.1.39 - - [30/Apr/2019:11:41:24 +0800] "POST /joker/product/getProduct.do HTTP/1.1" 200 1400 http-bio-8080-exec-2 18
192.168.1.39 - - [30/Apr/2019:11:42:03 +0800] "POST /joker/classCte/getClass.do HTTP/1.1" 200 1297 http-bio-8080-exec-2 8
192.168.1.39 - - [30/Apr/2019:11:42:03 +0800] "POST /joker/product/getProduct.do HTTP/1.1" 200 1400 http-bio-8080-exec-9 9
192.168.1.39 - - [30/Apr/2019:11:42:12 +0800] "POST /joker/classCte/getClass.do HTTP/1.1" 200 1297 http-bio-8080-exec-9 12
192.168.1.39 - - [30/Apr/2019:11:42:12 +0800] "POST /joker/product/getProduct.do HTTP/1.1" 200 1400 http-bio-8080-exec-2 12
192.168.1.39 - - [30/Apr/2019:11:42:27 +0800] "POST /joker/classCte/getClass.do HTTP/1.1" 200 1297 http-bio-8080-exec-2 9
192.168.1.39 - - [30/Apr/2019:11:42:27 +0800] "POST /joker/product/getProduct.do HTTP/1.1" 200 1400 http-bio-8080-exec-9 9
192.168.1.39 - - [30/Apr/2019:11:42:32 +0800] "POST /joker/classCte/keySelectProduct.do HTTP/1.1" 200 12 http-bio-8080-exec-9 14
192.168.1.39 - - [30/Apr/2019:11:42:33 +0800] "POST /joker/classCte/keySelectProduct.do HTTP/1.1" 200 12 http-bio-8080-exec-9 16
192.168.1.39 - - [30/Apr/2019:11:42:33 +0800] "POST /joker/classCte/keySelectProduct.do HTTP/1.1" 200 12 http-bio-8080-exec-9 3
192.168.1.39 - - [30/Apr/2019:11:42:38 +0800] "POST /joker/classCte/keySelectProduct.do HTTP/1.1" 200 12 http-bio-8080-exec-9 9
192.168.1.39 - - [30/Apr/2019:11:42:38 +0800] "POST /joker/classCte/keySelectProduct.do HTTP/1.1" 200 12 http-bio-8080-exec-9 36
192.168.1.39 - - [30/Apr/2019:11:42:38 +0800] "POST /joker/classCte/keySelectProduct.do HTTP/1.1" 200 12 http-bio-8080-exec-9 4
192.168.1.39 - - [30/Apr/2019:11:42:39 +0800] "POST /joker/classCte/keySelectProduct.do HTTP/1.1" 200 12 http-bio-8080-exec-9 16
192.168.1.39 - - [30/Apr/2019:11:42:41 +0800] "POST /joker/classCte/keySelectProduct.do HTTP/1.1" 200 12 http-bio-8080-exec-9 4
192.168.1.39 - - [30/Apr/2019:11:42:42 +0800] "POST /joker/product/getProduct.do HTTP/1.1" 200 1400 http-bio-8080-exec-2 12
192.168.1.39 - - [30/Apr/2019:11:42:42 +0800] "POST /joker/classCte/getClass.do HTTP/1.1" 200 1297 http-bio-8080-exec-9 18
192.168.1.39 - - [30/Apr/2019:11:43:15 +0800] "POST /joker/product/getProduct.do HTTP/1.1" 200 1400 http-bio-8080-exec-2 105
192.168.1.39 - - [30/Apr/2019:11:43:15 +0800] "POST /joker/classCte/getClass.do HTTP/1.1" 200 1297 http-bio-8080-exec-9 184
192.168.1.39 - - [30/Apr/2019:11:44:42 +0800] "POST /joker/classCte/getClass.do HTTP/1.1" 200 1297 http-bio-8080-exec-10 40
192.168.1.39 - - [30/Apr/2019:11:44:42 +0800] "POST /joker/product/getProduct.do HTTP/1.1" 200 1400 http-bio-8080-exec-3 49
192.168.1.39 - - [30/Apr/2019:11:44:45 +0800] "POST /joker/classCte/getClass.do HTTP/1.1" 200 1297 http-bio-8080-exec-3 7
192.168.1.39 - - [30/Apr/2019:11:44:45 +0800] "POST /joker/product/getProduct.do HTTP/1.1" 200 1400 http-bio-8080-exec-10 7
192.168.1.54 - - [30/Apr/2019:11:46:07 +0800] "GET /joker/index/search.do=e&cb=callback HTTP/1.1" 404 1029 http-bio-8080-exec-5 1
192.168.1.54 - - [30/Apr/2019:11:46:07 +0800] "GET /joker/index/search.do=e'f&cb=callback HTTP/1.1" 404 1033 http-bio-8080-exec-5 2
192.168.1.54 - - [30/Apr/2019:11:46:09 +0800] "GET /joker/index/search.do=e&cb=callback HTTP/1.1" 404 1029 http-bio-8080-exec-5 1
192.168.1.54 - - [30/Apr/2019:11:46:09 +0800] "GET /joker/index/search.do=&cb=callback HTTP/1.1" 404 1027 http-bio-8080-exec-5 1
192.168.1.54 - - [30/Apr/2019:11:46:10 +0800] "GET /joker/index/search.do=yi&cb=callback HTTP/1.1" 404 1031 http-bio-8080-exec-5 1
192.168.1.54 - - [30/Apr/2019:11:46:11 +0800] "GET /joker/index/search.do=yi&cb=callback HTTP/1.1" 404 1031 http-bio-8080-exec-5 0
192.168.1.54 - - [30/Apr/2019:11:46:12 +0800] "GET /joker/index/search.do=yi'f&cb=callback HTTP/1.1" 404 1035 http-bio-8080-exec-5 1
192.168.1.54 - - [30/Apr/2019:11:46:13 +0800] "GET /joker/index/search.do=%E8%A1%A3%E6%9C%8D&cb=callback HTTP/1.1" 404 1063 http-bio-8080-exec-5 1
192.168.1.54 - - [30/Apr/2019:11:46:15 +0800] "GET /joker/index/search.do%20=%E8%A1%A3%E6%9C%8D&cl=3 HTTP/1.1" 404 1055 http-bio-8080-exec-5 1
192.168.1.54 - - [30/Apr/2019:11:46:20 +0800] "GET /joker/index/search.do%20=%E8%A1%A3%E6%9C%8D&cl=3 HTTP/1.1" 404 1055 http-bio-8080-exec-5 2
192.168.1.39 - - [30/Apr/2019:11:46:59 +0800] "POST /joker/classCte/keySelectProduct.do HTTP/1.1" 200 1400 http-bio-8080-exec-9 15
192.168.1.39 - - [30/Apr/2019:11:47:03 +0800] "POST /joker/classCte/keySelectProduct.do HTTP/1.1" 200 12 http-bio-8080-exec-9 8
192.168.1.39 - - [30/Apr/2019:11:47:03 +0800] "POST /joker/classCte/keySelectProduct.do HTTP/1.1" 200 1400 http-bio-8080-exec-9 19
192.168.1.39 - - [30/Apr/2019:11:47:08 +0800] "POST /joker/classCte/keySelectProduct.do HTTP/1.1" 200 1400 http-bio-8080-exec-9 8
192.168.1.27 - - [30/Apr/2019:11:47:44 +0800] "GET /joker/classCte/getClass.do HTTP/1.1" 200 1297 http-bio-8080-exec-3 17
192.168.1.39 - - [30/Apr/2019:11:47:50 +0800] "POST /joker/classCte/getClass.do HTTP/1.1" 200 1297 http-bio-8080-exec-9 10
192.168.1.39 - - [30/Apr/2019:11:47:50 +0800] "POST /joker/product/getProduct.do HTTP/1.1" 200 1400 http-bio-8080-exec-2 12
192.168.1.39 - - [30/Apr/2019:11:47:55 +0800] "POST /joker/classCte/keySelectProduct.do HTTP/1.1" 200 1400 http-bio-8080-exec-2 13
192.168.1.39 - - [30/Apr/2019:11:47:55 +0800] "POST /joker/classCte/keySelectProduct.do HTTP/1.1" 200 12 http-bio-8080-exec-2 10
192.168.1.39 - - [30/Apr/2019:11:47:56 +0800] "POST /joker/classCte/keySelectProduct.do HTTP/1.1" 200 1400 http-bio-8080-exec-2 12
192.168.1.39 - - [30/Apr/2019:11:48:00 +0800] "POST /joker/classCte/keySelectProduct.do HTTP/1.1" 200 1400 http-bio-8080-exec-2 11
192.168.1.27 - - [30/Apr/2019:11:49:22 +0800] "GET /joker/classCte/getClass.do HTTP/1.1" 200 1297 http-bio-8080-exec-4 16
192.168.1.39 - - [30/Apr/2019:11:49:44 +0800] "POST /joker/classCte/keySelectProduct.do HTTP/1.1" 200 1400 http-bio-8080-exec-1 7
192.168.1.39 - - [30/Apr/2019:11:49:45 +0800] "POST /joker/classCte/keySelectProduct.do HTTP/1.1" 200 12 http-bio-8080-exec-1 8
192.168.1.39 - - [30/Apr/2019:11:49:45 +0800] "POST /joker/classCte/keySelectProduct.do HTTP/1.1" 200 1400 http-bio-8080-exec-1 4
192.168.1.27 - - [30/Apr/2019:11:49:57 +0800] "GET /joker/classCte/getClass.do HTTP/1.1" 200 1297 http-bio-8080-exec-4 5
192.168.1.27 - - [30/Apr/2019:11:50:14 +0800] "GET /joker/classCte/getClass.do HTTP/1.1" 200 1297 http-bio-8080-exec-4 10
192.168.1.27 - - [30/Apr/2019:11:50:31 +0800] "GET /joker/classCte/getClass.do HTTP/1.1" 200 1297 http-bio-8080-exec-4 6
192.168.1.27 - - [30/Apr/2019:11:51:35 +0800] "GET /joker/classCte/getClass.do HTTP/1.1" 200 1297 http-bio-8080-exec-2 18
192.168.1.54 - - [30/Apr/2019:11:51:44 +0800] "GET /joker/index/search.do=%E8%A1%A3&cb=callback HTTP/1.1" 404 1045 http-bio-8080-exec-6 2
192.168.1.54 - - [30/Apr/2019:11:51:44 +0800] "GET /joker/index/search.do=&cb=callback HTTP/1.1" 404 1027 http-bio-8080-exec-6 4
192.168.1.54 - - [30/Apr/2019:11:51:44 +0800] "GET /joker/index/search.do=&cb=callback HTTP/1.1" 404 1027 http-bio-8080-exec-6 0
192.168.1.54 - - [30/Apr/2019:11:51:45 +0800] "GET /joker/index/search.do=g&cb=callback HTTP/1.1" 404 1029 http-bio-8080-exec-6 2
192.168.1.54 - - [30/Apr/2019:11:51:45 +0800] "GET /joker/index/search.do=g'j&cb=callback HTTP/1.1" 404 1033 http-bio-8080-exec-6 1
192.168.1.54 - - [30/Apr/2019:11:51:45 +0800] "GET /joker/index/search.do=g'j'g&cb=callback HTTP/1.1" 404 1037 http-bio-8080-exec-6 1
192.168.1.54 - - [30/Apr/2019:11:51:45 +0800] "GET /joker/index/search.do=g'j'g'i&cb=callback HTTP/1.1" 404 1041 http-bio-8080-exec-6 2
192.168.1.54 - - [30/Apr/2019:11:51:46 +0800] "GET /joker/index/search.do=g'j'g&cb=callback HTTP/1.1" 404 1037 http-bio-8080-exec-6 1
192.168.1.54 - - [30/Apr/2019:11:51:46 +0800] "GET /joker/index/search.do=g'j&cb=callback HTTP/1.1" 404 1033 http-bio-8080-exec-6 1
192.168.1.54 - - [30/Apr/2019:11:51:47 +0800] "GET /joker/index/search.do=g&cb=callback HTTP/1.1" 404 1029 http-bio-8080-exec-6 1
192.168.1.54 - - [30/Apr/2019:11:51:47 +0800] "GET /joker/index/search.do=&cb=callback HTTP/1.1" 404 1027 http-bio-8080-exec-6 1
192.168.1.54 - - [30/Apr/2019:11:51:48 +0800] "GET /joker/index/search.do=h&cb=callback HTTP/1.1" 404 1029 http-bio-8080-exec-6 0
192.168.1.54 - - [30/Apr/2019:11:51:48 +0800] "GET /joker/index/search.do=hu&cb=callback HTTP/1.1" 404 1031 http-bio-8080-exec-6 1
192.168.1.54 - - [30/Apr/2019:11:51:49 +0800] "GET /joker/index/search.do=%E8%83%A1&cb=callback HTTP/1.1" 404 1045 http-bio-8080-exec-6 1
192.168.1.54 - - [30/Apr/2019:11:51:51 +0800] "GET /joker/index/search.do%20=%E8%83%A1&cl=3 HTTP/1.1" 404 1037 http-bio-8080-exec-6 1
192.168.1.54 - - [30/Apr/2019:11:53:00 +0800] "GET /joker/index/search.do=y&cb=callback HTTP/1.1" 404 1029 http-bio-8080-exec-7 9
192.168.1.54 - - [30/Apr/2019:11:53:00 +0800] "GET /joker/index/search.do=y'h&cb=callback HTTP/1.1" 404 1033 http-bio-8080-exec-7 3
192.168.1.54 - - [30/Apr/2019:11:53:01 +0800] "GET /joker/index/search.do=%E7%94%A8%E6%88%B7&cb=callback HTTP/1.1" 404 1063 http-bio-8080-exec-7 1
192.168.1.54 - - [30/Apr/2019:11:53:39 +0800] "GET /joker/index/search.do=t&cb=callback HTTP/1.1" 404 1029 http-bio-8080-exec-7 2
192.168.1.54 - - [30/Apr/2019:11:53:41 +0800] "GET /joker/index/search.do=&cb=callback HTTP/1.1" 404 1027 http-bio-8080-exec-7 2
192.168.1.54 - - [30/Apr/2019:11:53:42 +0800] "GET /joker/index/search.do=y&cb=callback HTTP/1.1" 404 1029 http-bio-8080-exec-7 0
192.168.1.54 - - [30/Apr/2019:11:53:42 +0800] "GET /joker/index/search.do=y'f&cb=callback HTTP/1.1" 404 1033 http-bio-8080-exec-7 1
192.168.1.54 - - [30/Apr/2019:11:53:42 +0800] "GET /joker/index/search.do=y'f'h&cb=callback HTTP/1.1" 404 1037 http-bio-8080-exec-7 1
192.168.1.54 - - [30/Apr/2019:11:53:43 +0800] "GET /joker/index/search.do=y'f&cb=callback HTTP/1.1" 404 1033 http-bio-8080-exec-7 1
192.168.1.54 - - [30/Apr/2019:11:53:44 +0800] "GET /joker/index/search.do=%E8%A1%A3%E6%9C%8D&cb=callback HTTP/1.1" 404 1063 http-bio-8080-exec-7 1
192.168.1.54 - - [30/Apr/2019:11:53:46 +0800] "GET /joker/index/search.do%20=%E8%A1%A3%E6%9C%8D&cl=3 HTTP/1.1" 404 1055 http-bio-8080-exec-7 4
192.168.1.54 - - [30/Apr/2019:11:53:53 +0800] "GET /joker/index/search.do%20=%E8%A1%A3%E6%9C%8D&cl=3 HTTP/1.1" 404 1055 http-bio-8080-exec-7 1
192.168.1.39 - - [30/Apr/2019:11:54:15 +0800] "POST /joker/classCte/keySelectProduct.do HTTP/1.1" 200 1400 http-bio-8080-exec-1 17
192.168.1.39 - - [30/Apr/2019:11:55:08 +0800] "POST /joker/classCte/keySelectProduct.do HTTP/1.1" 200 12 http-bio-8080-exec-1 5
192.168.1.39 - - [30/Apr/2019:11:55:09 +0800] "POST /joker/classCte/keySelectProduct.do HTTP/1.1" 200 12 http-bio-8080-exec-1 6
192.168.1.39 - - [30/Apr/2019:11:55:17 +0800] "POST /joker/classCte/keySelectProduct.do HTTP/1.1" 200 1400 http-bio-8080-exec-1 7
192.168.1.39 - - [30/Apr/2019:11:55:26 +0800] "POST /joker/classCte/keySelectProduct.do HTTP/1.1" 200 1400 http-bio-8080-exec-1 6
