192.168.1.32 - - [26/Apr/2019:15:03:34 +0800] "GET /joker/classCte/getClass.do HTTP/1.1" 200 982 http-bio-8080-exec-2 15
192.168.1.32 - - [26/Apr/2019:15:03:40 +0800] "GET /joker/classCte/getClass.do HTTP/1.1" 200 982 http-bio-8080-exec-2 6
192.168.1.32 - - [26/Apr/2019:15:03:41 +0800] "GET /joker/classCte/getClass.do HTTP/1.1" 200 982 http-bio-8080-exec-2 16
192.168.1.32 - - [26/Apr/2019:15:03:41 +0800] "GET /joker/classCte/getClass.do HTTP/1.1" 200 982 http-bio-8080-exec-2 7
192.168.1.32 - - [26/Apr/2019:15:03:41 +0800] "GET /joker/classCte/getClass.do HTTP/1.1" 200 982 http-bio-8080-exec-2 6
192.168.1.32 - - [26/Apr/2019:15:03:41 +0800] "GET /joker/classCte/getClass.do HTTP/1.1" 200 982 http-bio-8080-exec-2 5
192.168.1.32 - - [26/Apr/2019:15:03:42 +0800] "GET /joker/classCte/getClass.do HTTP/1.1" 200 982 http-bio-8080-exec-2 5
192.168.1.32 - - [26/Apr/2019:15:03:42 +0800] "GET /joker/classCte/getClass.do HTTP/1.1" 200 982 http-bio-8080-exec-2 11
192.168.1.32 - - [26/Apr/2019:15:03:43 +0800] "GET /joker/classCte/getClass.do HTTP/1.1" 200 982 http-bio-8080-exec-2 4
192.168.1.32 - - [26/Apr/2019:15:03:43 +0800] "GET /joker/classCte/getClass.do HTTP/1.1" 200 982 http-bio-8080-exec-1 4
192.168.1.32 - - [26/Apr/2019:15:03:43 +0800] "GET /joker/classCte/getClass.do HTTP/1.1" 200 982 http-bio-8080-exec-1 4
192.168.1.32 - - [26/Apr/2019:15:03:44 +0800] "GET /joker/classCte/getClass.do HTTP/1.1" 200 982 http-bio-8080-exec-1 4
192.168.1.32 - - [26/Apr/2019:15:03:44 +0800] "GET /joker/classCte/getClass.do HTTP/1.1" 200 982 http-bio-8080-exec-4 11
192.168.1.32 - - [26/Apr/2019:15:03:45 +0800] "GET /joker/classCte/getClass.do HTTP/1.1" 200 982 http-bio-8080-exec-4 10
192.168.1.32 - - [26/Apr/2019:15:03:45 +0800] "GET /joker/classCte/getClass.do HTTP/1.1" 200 982 http-bio-8080-exec-6 4
192.168.1.32 - - [26/Apr/2019:15:04:18 +0800] "GET /joker/classCte/getClass.do HTTP/1.1" 200 982 http-bio-8080-exec-3 10
192.168.1.21 - - [26/Apr/2019:15:07:15 +0800] "GET /joker/classCte/getClass.do HTTP/1.1" 200 982 http-bio-8080-exec-2 6
192.168.1.32 - - [26/Apr/2019:15:07:17 +0800] "GET /joker/classCte/getClass.do HTTP/1.1" 200 982 http-bio-8080-exec-5 5
192.168.1.41 - - [26/Apr/2019:15:09:05 +0800] "POST /joker/user/registered.do HTTP/1.1" 200 11 http-bio-8080-exec-7 14
192.168.1.32 - - [26/Apr/2019:15:13:19 +0800] "GET /joker/classCte/getClass.do HTTP/1.1" 200 982 http-bio-8080-exec-1 768
0:0:0:0:0:0:0:1 - - [26/Apr/2019:15:15:29 +0800] "POST /joker/user/registered.do?enUsername=123&enReallyname=123456&enPassword=123 HTTP/1.1" 500 9759 http-bio-8080-exec-4 80
192.168.1.29 - - [26/Apr/2019:15:15:30 +0800] "POST /joker/user/registered.do HTTP/1.1" 500 9759 http-bio-8080-exec-5 13
192.168.1.29 - - [26/Apr/2019:15:15:36 +0800] "POST /joker/user/registered.do HTTP/1.1" 500 9759 http-bio-8080-exec-6 12
192.168.1.29 - - [26/Apr/2019:15:15:43 +0800] "POST /joker/user/registered.do HTTP/1.1" 500 9759 http-bio-8080-exec-7 25
192.168.1.29 - - [26/Apr/2019:15:15:53 +0800] "POST /joker/user/registered.do HTTP/1.1" 500 9759 http-bio-8080-exec-8 55
192.168.1.30 - - [26/Apr/2019:15:17:34 +0800] "POST /joker/user/registered.do HTTP/1.1" 200 11 http-bio-8080-exec-1 347
192.168.1.32 - - [26/Apr/2019:15:17:58 +0800] "GET /joker/classCte/getClass.do HTTP/1.1" 200 982 http-bio-8080-exec-3 84
192.168.1.32 - - [26/Apr/2019:15:17:59 +0800] "GET /joker/classCte/getClass.do HTTP/1.1" 200 982 http-bio-8080-exec-4 11
192.168.1.32 - - [26/Apr/2019:15:17:59 +0800] "GET /joker/classCte/getClass.do HTTP/1.1" 200 982 http-bio-8080-exec-5 21
192.168.1.30 - - [26/Apr/2019:15:18:32 +0800] "POST /joker/user/registered.do HTTP/1.1" 500 11853 http-bio-8080-exec-2 134
192.168.1.32 - - [26/Apr/2019:15:18:47 +0800] "GET /joker/classCte/getClass.do HTTP/1.1" 200 982 http-bio-8080-exec-6 17
192.168.1.30 - - [26/Apr/2019:15:19:31 +0800] "POST /joker/user/registered.do HTTP/1.1" 500 11853 http-bio-8080-exec-8 16
0:0:0:0:0:0:0:1 - - [26/Apr/2019:15:20:12 +0800] "POST /joker/user/registered.do?enUsername=123&enReallyname=123456&enPassword=123 HTTP/1.1" 500 11931 http-bio-8080-exec-2 333
192.168.1.21 - - [26/Apr/2019:15:21:54 +0800] "GET /joker/classCte/getClass.do HTTP/1.1" 200 982 http-bio-8080-exec-1 416
0:0:0:0:0:0:0:1 - - [26/Apr/2019:15:22:32 +0800] "POST /joker/user/registered.do?enUsername=123&enReallyname=123456&enPassword=123 HTTP/1.1" 500 11751 http-bio-8080-exec-4 161
192.168.1.30 - - [26/Apr/2019:15:23:55 +0800] "POST /joker/user/registered.do HTTP/1.1" 500 11751 http-bio-8080-exec-5 41
192.168.1.35 - - [26/Apr/2019:15:24:14 +0800] "POST /joker/shoppingCart.do?userId=1 HTTP/1.1" 200 721 http-bio-8080-exec-6 67
0:0:0:0:0:0:0:1 - - [26/Apr/2019:15:25:16 +0800] "POST /joker/user/registered.do?enUsername=123&enReallyname=123456&enPassword=123 HTTP/1.1" 500 11928 http-bio-8080-exec-2 401
192.168.1.59 - - [26/Apr/2019:15:26:54 +0800] "POST /joker/user/login.do HTTP/1.1" 200 155 http-bio-8080-exec-3 237
0:0:0:0:0:0:0:1 - - [26/Apr/2019:15:27:30 +0800] "POST /joker/user/registered.do?enUsername=123&enReallyname=123456&enPassword=123 HTTP/1.1" 200 11 http-bio-8080-exec-2 791
0:0:0:0:0:0:0:1 - - [26/Apr/2019:15:27:50 +0800] "POST /joker/user/registered.do?enUsername=jokertank&enReallyname=123456&enPassword=123 HTTP/1.1" 200 11 http-bio-8080-exec-3 308
192.168.1.32 - - [26/Apr/2019:15:33:25 +0800] "GET /joker/classCte/getClass.do HTTP/1.1" 200 982 http-bio-8080-exec-5 80
192.168.1.32 - - [26/Apr/2019:15:33:53 +0800] "GET /joker/classCte/getClass.do HTTP/1.1" 200 982 http-bio-8080-exec-6 29
192.168.1.32 - - [26/Apr/2019:15:34:24 +0800] "GET /joker/classCte/getClass.do HTTP/1.1" 200 982 http-bio-8080-exec-7 34
192.168.1.32 - - [26/Apr/2019:15:34:56 +0800] "GET /joker/classCte/getClass.do HTTP/1.1" 200 982 http-bio-8080-exec-8 22
192.168.1.32 - - [26/Apr/2019:15:35:10 +0800] "GET /joker/classCte/getClass.do HTTP/1.1" 200 982 http-bio-8080-exec-9 12
192.168.1.59 - - [26/Apr/2019:15:35:16 +0800] "POST /joker/user/login.do HTTP/1.1" 200 155 http-bio-8080-exec-1 30
192.168.1.32 - - [26/Apr/2019:15:35:22 +0800] "GET /joker/classCte/getClass.do HTTP/1.1" 200 982 http-bio-8080-exec-10 10
192.168.1.32 - - [26/Apr/2019:15:35:32 +0800] "GET /joker/classCte/getClass.do HTTP/1.1" 200 982 http-bio-8080-exec-10 21
192.168.1.32 - - [26/Apr/2019:15:35:39 +0800] "GET /joker/classCte/getClass.do HTTP/1.1" 200 982 http-bio-8080-exec-10 22
192.168.1.32 - - [26/Apr/2019:15:37:38 +0800] "GET /joker/classCte/getClass.do HTTP/1.1" 200 982 http-bio-8080-exec-6 17
192.168.1.32 - - [26/Apr/2019:15:39:11 +0800] "GET /joker/classCte/getClass.do HTTP/1.1" 200 982 http-bio-8080-exec-8 20
192.168.1.32 - - [26/Apr/2019:15:39:29 +0800] "GET /joker/classCte/getClass.do HTTP/1.1" 200 982 http-bio-8080-exec-8 26
192.168.1.29 - - [26/Apr/2019:15:39:36 +0800] "POST /joker/user/registered.do HTTP/1.1" 200 11 http-bio-8080-exec-3 25
192.168.1.30 - - [26/Apr/2019:15:40:02 +0800] "POST /joker/user/registered.do HTTP/1.1" 200 11 http-bio-8080-exec-5 15
192.168.1.32 - - [26/Apr/2019:15:40:09 +0800] "GET /joker/classCte/getClass.do HTTP/1.1" 200 982 http-bio-8080-exec-8 24
192.168.1.32 - - [26/Apr/2019:15:40:22 +0800] "GET /joker/classCte/getClass.do HTTP/1.1" 200 982 http-bio-8080-exec-8 20
192.168.1.32 - - [26/Apr/2019:15:40:36 +0800] "GET /joker/classCte/getClass.do HTTP/1.1" 200 982 http-bio-8080-exec-8 21
192.168.1.30 - - [26/Apr/2019:15:41:02 +0800] "POST /joker/user/registered.do HTTP/1.1" 200 11 http-bio-8080-exec-5 9
192.168.1.30 - - [26/Apr/2019:15:41:25 +0800] "POST /joker/user/registered.do HTTP/1.1" 200 11 http-bio-8080-exec-5 21
192.168.1.30 - - [26/Apr/2019:15:41:32 +0800] "POST /joker/user/registered.do HTTP/1.1" 200 11 http-bio-8080-exec-5 22
192.168.1.30 - - [26/Apr/2019:15:41:54 +0800] "POST /joker/user/registered.do HTTP/1.1" 200 11 http-bio-8080-exec-5 18
192.168.1.32 - - [26/Apr/2019:15:42:22 +0800] "GET /joker/classCte/getClass.do HTTP/1.1" 200 982 http-bio-8080-exec-10 9
192.168.1.32 - - [26/Apr/2019:15:42:43 +0800] "GET /joker/classCte/getClass.do HTTP/1.1" 200 982 http-bio-8080-exec-10 21
192.168.1.32 - - [26/Apr/2019:15:43:50 +0800] "GET /joker/classCte/getClass.do HTTP/1.1" 200 982 http-bio-8080-exec-6 8
192.168.1.30 - - [26/Apr/2019:15:44:27 +0800] "POST /joker/user/registered.do HTTP/1.1" 200 11 http-bio-8080-exec-2 29
192.168.1.32 - - [26/Apr/2019:15:45:17 +0800] "GET /joker/classCte/getClass.do HTTP/1.1" 200 982 http-bio-8080-exec-8 9
192.168.1.29 - - [26/Apr/2019:15:45:24 +0800] "POST /jorke/shoppingCart.do?userId=1 HTTP/1.1" 404 - http-bio-8080-exec-7 0
192.168.1.32 - - [26/Apr/2019:15:45:54 +0800] "GET /joker/classCte/getClass.do HTTP/1.1" 200 982 http-bio-8080-exec-8 20
192.168.1.29 - - [26/Apr/2019:15:46:01 +0800] "POST /joker/shoppingCart.do?userId=1 HTTP/1.1" 200 721 http-bio-8080-exec-7 57
192.168.1.59 - - [26/Apr/2019:15:46:03 +0800] "POST /joker/user/login.do HTTP/1.1" 200 155 http-bio-8080-exec-9 14
192.168.1.32 - - [26/Apr/2019:15:46:34 +0800] "GET /joker/classCte/getClass.do HTTP/1.1" 200 982 http-bio-8080-exec-8 16
192.168.1.32 - - [26/Apr/2019:15:46:39 +0800] "POST /joker/user/login.do HTTP/1.1" 200 - http-bio-8080-exec-1 14
192.168.1.32 - - [26/Apr/2019:15:47:25 +0800] "POST /joker/user/login.do HTTP/1.1" 200 - http-bio-8080-exec-2 11
192.168.1.32 - - [26/Apr/2019:15:47:31 +0800] "GET /joker/classCte/getClass.do HTTP/1.1" 200 982 http-bio-8080-exec-8 17
192.168.1.32 - - [26/Apr/2019:15:47:46 +0800] "GET /joker/classCte/getClass.do HTTP/1.1" 200 982 http-bio-8080-exec-8 8
192.168.1.32 - - [26/Apr/2019:15:47:53 +0800] "GET /joker/classCte/getClass.do HTTP/1.1" 200 982 http-bio-8080-exec-8 11
192.168.1.32 - - [26/Apr/2019:15:48:23 +0800] "POST /joker/user/login.do HTTP/1.1" 200 155 http-bio-8080-exec-3 14
192.168.1.32 - - [26/Apr/2019:15:49:03 +0800] "POST /joker/user/login.do HTTP/1.1" 200 155 http-bio-8080-exec-7 11
192.168.1.32 - - [26/Apr/2019:15:49:14 +0800] "GET /joker/classCte/getClass.do HTTP/1.1" 200 982 http-bio-8080-exec-5 16
192.168.1.32 - - [26/Apr/2019:15:49:22 +0800] "GET /joker/classCte/getClass.do HTTP/1.1" 200 982 http-bio-8080-exec-5 13
192.168.1.32 - - [26/Apr/2019:15:49:30 +0800] "GET /joker/classCte/getClass.do HTTP/1.1" 200 982 http-bio-8080-exec-5 14
192.168.1.32 - - [26/Apr/2019:15:49:33 +0800] "POST /joker/user/login.do HTTP/1.1" 200 155 http-bio-8080-exec-6 5
192.168.1.32 - - [26/Apr/2019:15:49:54 +0800] "POST /joker/user/login.do HTTP/1.1" 200 155 http-bio-8080-exec-3 14
192.168.1.32 - - [26/Apr/2019:15:50:10 +0800] "GET /joker/classCte/getClass.do HTTP/1.1" 200 982 http-bio-8080-exec-5 18
192.168.1.32 - - [26/Apr/2019:15:50:33 +0800] "POST /joker/user/login.do HTTP/1.1" 200 155 http-bio-8080-exec-7 19
192.168.1.32 - - [26/Apr/2019:15:50:50 +0800] "POST /joker/user/login.do HTTP/1.1" 200 147 http-bio-8080-exec-10 9
192.168.1.32 - - [26/Apr/2019:15:50:56 +0800] "POST /joker/user/login.do HTTP/1.1" 200 147 http-bio-8080-exec-10 7
192.168.1.32 - - [26/Apr/2019:15:50:58 +0800] "GET /joker/classCte/getClass.do HTTP/1.1" 200 982 http-bio-8080-exec-5 13
192.168.1.32 - - [26/Apr/2019:15:51:27 +0800] "GET /joker/classCte/getClass.do HTTP/1.1" 200 982 http-bio-8080-exec-5 9
192.168.1.59 - - [26/Apr/2019:15:52:13 +0800] "POST /joker/user/login.do HTTP/1.1" 200 - http-bio-8080-exec-3 19
192.168.1.32 - - [26/Apr/2019:15:52:14 +0800] "GET /joker/classCte/getClass.do HTTP/1.1" 200 982 http-bio-8080-exec-5 7
192.168.1.32 - - [26/Apr/2019:15:52:27 +0800] "GET /joker/classCte/getClass.do HTTP/1.1" 200 982 http-bio-8080-exec-5 28
192.168.1.32 - - [26/Apr/2019:15:52:41 +0800] "GET /joker/classCte/getClass.do HTTP/1.1" 200 982 http-bio-8080-exec-5 13
192.168.1.32 - - [26/Apr/2019:15:52:46 +0800] "GET /joker/classCte/getClass.do HTTP/1.1" 200 982 http-bio-8080-exec-5 7
192.168.1.32 - - [26/Apr/2019:15:53:14 +0800] "POST /joker/user/login.do HTTP/1.1" 200 155 http-bio-8080-exec-6 13
192.168.1.32 - - [26/Apr/2019:15:53:22 +0800] "GET /joker/classCte/getClass.do HTTP/1.1" 200 982 http-bio-8080-exec-5 12
192.168.1.32 - - [26/Apr/2019:15:53:50 +0800] "GET /joker/classCte/getClass.do HTTP/1.1" 200 982 http-bio-8080-exec-5 5
192.168.1.32 - - [26/Apr/2019:15:53:59 +0800] "GET /joker/classCte/getClass.do HTTP/1.1" 200 982 http-bio-8080-exec-5 7
192.168.1.32 - - [26/Apr/2019:15:54:01 +0800] "GET /joker/classCte/getClass.do HTTP/1.1" 200 982 http-bio-8080-exec-5 10
192.168.1.29 - - [26/Apr/2019:15:54:14 +0800] "POST /joker/user/registered.do HTTP/1.1" 200 11 http-bio-8080-exec-4 22
192.168.1.29 - - [26/Apr/2019:15:54:20 +0800] "POST /joker/user/registered.do HTTP/1.1" 200 11 http-bio-8080-exec-4 6
192.168.1.32 - - [26/Apr/2019:15:54:28 +0800] "GET /joker/classCte/getClass.do HTTP/1.1" 200 982 http-bio-8080-exec-5 44
192.168.1.32 - - [26/Apr/2019:15:54:39 +0800] "GET /joker/classCte/getClass.do HTTP/1.1" 200 982 http-bio-8080-exec-5 22
192.168.1.32 - - [26/Apr/2019:15:55:15 +0800] "GET /joker/classCte/getClass.do HTTP/1.1" 200 982 http-bio-8080-exec-5 14
192.168.1.29 - - [26/Apr/2019:15:55:20 +0800] "POST /joker/user/registered.do HTTP/1.1" 200 11 http-bio-8080-exec-4 60
192.168.1.29 - - [26/Apr/2019:15:55:24 +0800] "POST /joker/user/registered.do HTTP/1.1" 200 11 http-bio-8080-exec-4 17
192.168.1.29 - - [26/Apr/2019:15:55:28 +0800] "POST /joker/user/registered.do HTTP/1.1" 200 11 http-bio-8080-exec-4 9
192.168.1.29 - - [26/Apr/2019:15:55:29 +0800] "POST /joker/user/registered.do HTTP/1.1" 200 11 http-bio-8080-exec-4 10
192.168.1.29 - - [26/Apr/2019:15:55:29 +0800] "POST /joker/user/registered.do HTTP/1.1" 200 11 http-bio-8080-exec-4 17
192.168.1.29 - - [26/Apr/2019:15:55:29 +0800] "POST /joker/user/registered.do HTTP/1.1" 200 11 http-bio-8080-exec-4 5
192.168.1.29 - - [26/Apr/2019:15:55:29 +0800] "POST /joker/user/registered.do HTTP/1.1" 200 11 http-bio-8080-exec-4 11
192.168.1.29 - - [26/Apr/2019:15:55:29 +0800] "POST /joker/user/registered.do HTTP/1.1" 200 11 http-bio-8080-exec-4 9
192.168.1.29 - - [26/Apr/2019:15:55:31 +0800] "POST /joker/user/registered.do HTTP/1.1" 200 11 http-bio-8080-exec-4 9
192.168.1.32 - - [26/Apr/2019:15:55:48 +0800] "GET /joker/classCte/getClass.do HTTP/1.1" 200 982 http-bio-8080-exec-5 7
192.168.1.32 - - [26/Apr/2019:15:56:14 +0800] "GET /joker/classCte/getClass.do HTTP/1.1" 200 982 http-bio-8080-exec-5 12
192.168.1.32 - - [26/Apr/2019:15:56:31 +0800] "POST /joker/user/login.do HTTP/1.1" 200 155 http-bio-8080-exec-1 8
192.168.1.32 - - [26/Apr/2019:15:56:40 +0800] "GET /joker/classCte/getClass.do HTTP/1.1" 200 982 http-bio-8080-exec-5 14
192.168.1.32 - - [26/Apr/2019:15:56:53 +0800] "GET /joker/classCte/getClass.do HTTP/1.1" 200 982 http-bio-8080-exec-5 11
192.168.1.32 - - [26/Apr/2019:15:57:01 +0800] "POST /joker/user/login.do HTTP/1.1" 200 155 http-bio-8080-exec-8 12
192.168.1.32 - - [26/Apr/2019:15:57:02 +0800] "POST /joker/user/login.do HTTP/1.1" 200 155 http-bio-8080-exec-8 11
192.168.1.35 - - [26/Apr/2019:15:57:25 +0800] "POST /joker/shoppingCart.do?userId=1 HTTP/1.1" 200 721 http-bio-8080-exec-7 35
192.168.1.35 - - [26/Apr/2019:15:57:34 +0800] "POST /joker/shoppingCart.do?userId=0 HTTP/1.1" 200 12 http-bio-8080-exec-7 16
192.168.1.35 - - [26/Apr/2019:15:57:38 +0800] "POST /joker/shoppingCart.do?userId=1 HTTP/1.1" 200 721 http-bio-8080-exec-7 16
192.168.1.59 - - [26/Apr/2019:15:58:09 +0800] "POST /joker/user/login.do HTTP/1.1" 200 155 http-bio-8080-exec-10 14
192.168.1.32 - - [26/Apr/2019:15:58:54 +0800] "GET /joker/classCte/getClass.do HTTP/1.1" 200 982 http-bio-8080-exec-9 17
192.168.1.59 - - [26/Apr/2019:15:59:17 +0800] "POST /joker/user/login.do[object%20Object] HTTP/1.1" 404 1023 http-bio-8080-exec-8 16
192.168.1.32 - - [26/Apr/2019:15:59:25 +0800] "GET /joker/classCte/getClass.do HTTP/1.1" 200 982 http-bio-8080-exec-9 26
192.168.1.32 - - [26/Apr/2019:15:59:27 +0800] "GET /joker/user/login.do?&name=%22123%22&passd=%22123%22 HTTP/1.1" 200 - http-bio-8080-exec-1 10
192.168.1.32 - - [26/Apr/2019:15:59:27 +0800] "GET /favicon.ico HTTP/1.1" 404 - http-bio-8080-exec-1 0
192.168.1.32 - - [26/Apr/2019:15:59:30 +0800] "GET /joker/classCte/getClass.do HTTP/1.1" 200 982 http-bio-8080-exec-9 16
192.168.1.32 - - [26/Apr/2019:15:59:37 +0800] "GET /joker/classCte/getClass.do HTTP/1.1" 200 982 http-bio-8080-exec-9 5
192.168.1.32 - - [26/Apr/2019:15:59:44 +0800] "GET /joker/user/login.do?&name=%22123%22 HTTP/1.1" 200 - http-bio-8080-exec-3 12
192.168.1.21 - - [26/Apr/2019:15:59:58 +0800] "GET /joker/classCte/getClass.do HTTP/1.1" 200 982 http-bio-8080-exec-7 19
192.168.1.21 - - [26/Apr/2019:16:00:00 +0800] "GET /joker/classCte/getClass.do HTTP/1.1" 200 982 http-bio-8080-exec-7 7
192.168.1.21 - - [26/Apr/2019:16:00:04 +0800] "GET /joker/classCte/getClass.do HTTP/1.1" 200 982 http-bio-8080-exec-2 12
192.168.1.21 - - [26/Apr/2019:16:00:06 +0800] "GET /joker/classCte/getClass.do HTTP/1.1" 200 982 http-bio-8080-exec-2 6
192.168.1.21 - - [26/Apr/2019:16:00:06 +0800] "GET /favicon.ico HTTP/1.1" 404 - http-bio-8080-exec-2 0
192.168.1.32 - - [26/Apr/2019:16:00:21 +0800] "GET /joker/classCte/getClass.do HTTP/1.1" 200 982 http-bio-8080-exec-9 12
192.168.1.59 - - [26/Apr/2019:16:00:37 +0800] "GET /joker/user/login.do?name=123&passd=123 HTTP/1.1" 200 155 http-bio-8080-exec-5 5
192.168.1.59 - - [26/Apr/2019:16:00:56 +0800] "GET /joker/user/login.do[object%20Object]?name=123&passd=123 HTTP/1.1" 404 1023 http-bio-8080-exec-5 2
192.168.1.59 - - [26/Apr/2019:16:01:33 +0800] "GET /joker/user/login.do?name=123&passd=123 HTTP/1.1" 200 155 http-bio-8080-exec-5 26
192.168.1.32 - - [26/Apr/2019:16:01:46 +0800] "GET /joker/classCte/getClass.do HTTP/1.1" 200 982 http-bio-8080-exec-3 18
192.168.1.32 - - [26/Apr/2019:16:02:09 +0800] "GET /joker/classCte/getClass.do HTTP/1.1" 200 982 http-bio-8080-exec-3 15
192.168.1.32 - - [26/Apr/2019:16:02:23 +0800] "GET /joker/classCte/getClass.do HTTP/1.1" 200 982 http-bio-8080-exec-3 9
192.168.1.32 - - [26/Apr/2019:16:02:38 +0800] "GET /joker/classCte/getClass.do HTTP/1.1" 200 982 http-bio-8080-exec-3 16
192.168.1.32 - - [26/Apr/2019:16:03:24 +0800] "POST /joker/user/login.do HTTP/1.1" 200 - http-bio-8080-exec-7 15
192.168.1.32 - - [26/Apr/2019:16:03:32 +0800] "GET /joker/classCte/getClass.do HTTP/1.1" 200 982 http-bio-8080-exec-3 16
192.168.1.32 - - [26/Apr/2019:16:05:20 +0800] "GET /joker/classCte/getClass.do HTTP/1.1" 200 982 http-bio-8080-exec-4 8
192.168.1.32 - - [26/Apr/2019:16:05:39 +0800] "POST /joker/user/login.do HTTP/1.1" 200 - http-bio-8080-exec-8 12
192.168.1.32 - - [26/Apr/2019:16:06:39 +0800] "POST /joker/user/login.do HTTP/1.1" 200 - http-bio-8080-exec-5 14
192.168.1.32 - - [26/Apr/2019:16:06:40 +0800] "POST /joker/user/login.do HTTP/1.1" 200 - http-bio-8080-exec-5 9
192.168.1.32 - - [26/Apr/2019:16:06:40 +0800] "POST /joker/user/login.do HTTP/1.1" 200 - http-bio-8080-exec-5 5
192.168.1.32 - - [26/Apr/2019:16:06:41 +0800] "POST /joker/user/login.do HTTP/1.1" 200 - http-bio-8080-exec-5 4
192.168.1.32 - - [26/Apr/2019:16:06:41 +0800] "POST /joker/user/login.do HTTP/1.1" 200 - http-bio-8080-exec-5 8
192.168.1.32 - - [26/Apr/2019:16:06:41 +0800] "POST /joker/user/login.do HTTP/1.1" 200 - http-bio-8080-exec-5 4
192.168.1.32 - - [26/Apr/2019:16:06:41 +0800] "POST /joker/user/login.do HTTP/1.1" 200 - http-bio-8080-exec-5 10
192.168.1.32 - - [26/Apr/2019:16:06:41 +0800] "POST /joker/user/login.do HTTP/1.1" 200 - http-bio-8080-exec-1 13
192.168.1.32 - - [26/Apr/2019:16:06:42 +0800] "POST /joker/user/login.do HTTP/1.1" 200 - http-bio-8080-exec-1 4
192.168.1.32 - - [26/Apr/2019:16:06:42 +0800] "POST /joker/user/login.do HTTP/1.1" 200 - http-bio-8080-exec-4 9
192.168.1.32 - - [26/Apr/2019:16:06:42 +0800] "POST /joker/user/login.do HTTP/1.1" 200 - http-bio-8080-exec-4 10
192.168.1.32 - - [26/Apr/2019:16:06:42 +0800] "POST /joker/user/login.do HTTP/1.1" 200 - http-bio-8080-exec-4 7
192.168.1.32 - - [26/Apr/2019:16:06:43 +0800] "POST /joker/user/login.do HTTP/1.1" 200 - http-bio-8080-exec-4 9
192.168.1.59 - - [26/Apr/2019:16:07:00 +0800] "GET /joker/user/login.do?name=123&passd=123 HTTP/1.1" 200 155 http-bio-8080-exec-9 14
192.168.1.59 - - [26/Apr/2019:16:07:34 +0800] "GET /joker/user/login.do?name=123&passd=123 HTTP/1.1" 200 155 http-bio-8080-exec-9 8
192.168.1.32 - - [26/Apr/2019:16:07:46 +0800] "POST /joker/user/login.do HTTP/1.1" 200 - http-bio-8080-exec-8 12
192.168.1.59 - - [26/Apr/2019:16:07:52 +0800] "GET /joker/user/login.do?name=12312&passd=123 HTTP/1.1" 200 - http-bio-8080-exec-9 13
192.168.1.59 - - [26/Apr/2019:16:08:02 +0800] "GET /joker/user/login.do?name=%E5%AE%89%E5%AE%89&passd=123 HTTP/1.1" 200 - http-bio-8080-exec-9 11
192.168.1.59 - - [26/Apr/2019:16:08:26 +0800] "POST /joker/user/login.do HTTP/1.1" 200 - http-bio-8080-exec-9 13
192.168.1.32 - - [26/Apr/2019:16:08:53 +0800] "POST /joker/user/login.do HTTP/1.1" 200 155 http-bio-8080-exec-3 19
192.168.1.59 - - [26/Apr/2019:16:08:59 +0800] "POST /joker/user/login.do HTTP/1.1" 200 - http-bio-8080-exec-9 10
192.168.1.32 - - [26/Apr/2019:16:09:22 +0800] "GET /joker/classCte/getClass.do HTTP/1.1" 200 982 http-bio-8080-exec-5 9
192.168.1.59 - - [26/Apr/2019:16:09:40 +0800] "POST /joker/user/login.do HTTP/1.1" 200 - http-bio-8080-exec-9 13
192.168.1.32 - - [26/Apr/2019:16:09:59 +0800] "GET /joker/classCte/getClass.do HTTP/1.1" 200 982 http-bio-8080-exec-5 14
192.168.1.32 - - [26/Apr/2019:16:10:35 +0800] "GET /joker/classCte/getClass.do HTTP/1.1" 200 982 http-bio-8080-exec-5 15
192.168.1.32 - - [26/Apr/2019:16:11:04 +0800] "GET /joker/classCte/getClass.do HTTP/1.1" 200 982 http-bio-8080-exec-10 21
192.168.1.32 - - [26/Apr/2019:16:11:14 +0800] "GET /joker/classCte/getClass.do HTTP/1.1" 200 982 http-bio-8080-exec-10 13
192.168.1.32 - - [26/Apr/2019:16:13:13 +0800] "POST /joker/user/login.do HTTP/1.1" 200 155 http-bio-8080-exec-3 9
192.168.1.59 - - [26/Apr/2019:16:14:34 +0800] "POST /joker/user/login.do HTTP/1.1" 200 - http-bio-8080-exec-1 14
192.168.1.32 - - [26/Apr/2019:16:14:48 +0800] "POST /joker/user/login.do HTTP/1.1" 200 155 http-bio-8080-exec-2 7
192.168.1.32 - - [26/Apr/2019:16:15:17 +0800] "POST /joker/user/login.do HTTP/1.1" 200 155 http-bio-8080-exec-9 13
192.168.1.59 - - [26/Apr/2019:16:15:24 +0800] "POST /joker/user/login.do HTTP/1.1" 200 - http-bio-8080-exec-1 13
192.168.1.59 - - [26/Apr/2019:16:15:37 +0800] "POST /joker/user/login.do HTTP/1.1" 200 155 http-bio-8080-exec-1 7
192.168.1.32 - - [26/Apr/2019:16:16:13 +0800] "GET /joker/classCte/getClass.do HTTP/1.1" 200 982 http-bio-8080-exec-6 7
192.168.1.32 - - [26/Apr/2019:16:16:20 +0800] "GET /joker/classCte/getClass.do HTTP/1.1" 200 982 http-bio-8080-exec-8 13
192.168.1.59 - - [26/Apr/2019:16:17:06 +0800] "POST /joker/user/login.do HTTP/1.1" 200 155 http-bio-8080-exec-7 12
192.168.1.32 - - [26/Apr/2019:16:17:19 +0800] "POST /joker/user/login.do HTTP/1.1" 200 155 http-bio-8080-exec-4 12
192.168.1.32 - - [26/Apr/2019:16:17:38 +0800] "POST /joker/user/login.do HTTP/1.1" 200 155 http-bio-8080-exec-3 13
192.168.1.32 - - [26/Apr/2019:16:17:55 +0800] "POST /joker/user/login.do HTTP/1.1" 200 155 http-bio-8080-exec-8 19
192.168.1.32 - - [26/Apr/2019:16:19:26 +0800] "POST /joker/user/login.do HTTP/1.1" 200 155 http-bio-8080-exec-1 7
192.168.1.35 - - [26/Apr/2019:16:20:08 +0800] "GET /joker/shoppingCart.do?userId=2 HTTP/1.1" 405 1045 http-bio-8080-exec-6 29
192.168.1.35 - - [26/Apr/2019:16:20:17 +0800] "GET /joker/shoppingCart.do?userId=3 HTTP/1.1" 405 1045 http-bio-8080-exec-6 4
192.168.1.35 - - [26/Apr/2019:16:20:24 +0800] "GET /joker/shoppingCart.do?userId=1 HTTP/1.1" 405 1045 http-bio-8080-exec-6 4
192.168.1.35 - - [26/Apr/2019:16:20:31 +0800] "POST /joker/shoppingCart.do?userId=1 HTTP/1.1" 200 721 http-bio-8080-exec-6 17
192.168.1.35 - - [26/Apr/2019:16:20:36 +0800] "POST /joker/shoppingCart.do?userId=3 HTTP/1.1" 200 12 http-bio-8080-exec-6 9
192.168.1.35 - - [26/Apr/2019:16:20:41 +0800] "POST /joker/shoppingCart.do?userId=2 HTTP/1.1" 200 493 http-bio-8080-exec-6 37
192.168.1.35 - - [26/Apr/2019:16:20:54 +0800] "GET /joker/shoppingCart.do?userId=2 HTTP/1.1" 405 1045 http-bio-8080-exec-6 3
192.168.1.35 - - [26/Apr/2019:16:21:13 +0800] "POST /joker/shoppingCart.do?userId=2 HTTP/1.1" 200 493 http-bio-8080-exec-6 32
192.168.1.32 - - [26/Apr/2019:16:21:19 +0800] "POST /joker/user/login.do HTTP/1.1" 200 155 http-bio-8080-exec-1 11
192.168.1.32 - - [26/Apr/2019:16:22:39 +0800] "GET /joker/classCte/getClass.do HTTP/1.1" 200 982 http-bio-8080-exec-4 106
192.168.1.32 - - [26/Apr/2019:16:24:23 +0800] "POST /joker/user/login.do HTTP/1.1" 200 155 http-bio-8080-exec-3 11
192.168.1.32 - - [26/Apr/2019:16:24:29 +0800] "POST /joker/user/login.do HTTP/1.1" 200 - http-bio-8080-exec-8 5
192.168.1.32 - - [26/Apr/2019:16:25:20 +0800] "GET /joker/classCte/getClass.do HTTP/1.1" 200 982 http-bio-8080-exec-9 11
192.168.1.59 - - [26/Apr/2019:16:31:24 +0800] "POST /joker/user/login.do HTTP/1.1" 200 155 http-bio-8080-exec-1 15
192.168.1.32 - - [26/Apr/2019:16:31:28 +0800] "GET /joker/classCte/getClass.do HTTP/1.1" 200 982 http-bio-8080-exec-2 14
192.168.1.35 - - [26/Apr/2019:16:31:33 +0800] "OPTIONS /joker/shoppingCart.do HTTP/1.1" 200 - http-bio-8080-exec-5 25
192.168.1.35 - - [26/Apr/2019:16:31:33 +0800] "POST /joker/shoppingCart.do HTTP/1.1" 200 - http-bio-8080-exec-5 1
192.168.1.35 - - [26/Apr/2019:16:31:40 +0800] "POST /joker/shoppingCart.do HTTP/1.1" 200 - http-bio-8080-exec-5 3
192.168.1.32 - - [26/Apr/2019:16:33:01 +0800] "GET /joker/classCte/getClass.do HTTP/1.1" 200 982 http-bio-8080-exec-10 17
192.168.1.32 - - [26/Apr/2019:16:33:27 +0800] "GET /joker/classCte/getClass.do HTTP/1.1" 200 982 http-bio-8080-exec-10 5
192.168.1.32 - - [26/Apr/2019:16:34:47 +0800] "GET /joker/classCte/getClass.do HTTP/1.1" 200 982 http-bio-8080-exec-4 16
192.168.1.29 - - [26/Apr/2019:16:35:57 +0800] "POST /joker/user/registered.do HTTP/1.1" 200 11 http-bio-8080-exec-7 20
192.168.1.32 - - [26/Apr/2019:16:36:03 +0800] "GET /joker/classCte/getClass.do HTTP/1.1" 200 982 http-bio-8080-exec-1 14
192.168.1.29 - - [26/Apr/2019:16:36:04 +0800] "POST /joker/user/registered.do HTTP/1.1" 200 11 http-bio-8080-exec-7 9
192.168.1.29 - - [26/Apr/2019:16:36:05 +0800] "POST /joker/user/registered.do HTTP/1.1" 200 11 http-bio-8080-exec-7 9
192.168.1.29 - - [26/Apr/2019:16:36:06 +0800] "POST /joker/user/registered.do HTTP/1.1" 200 11 http-bio-8080-exec-7 10
192.168.1.35 - - [26/Apr/2019:16:36:19 +0800] "POST /joker/shoppingCart.do HTTP/1.1" 200 - http-bio-8080-exec-10 3
192.168.1.29 - - [26/Apr/2019:16:36:23 +0800] "POST /joker/user/registered.do HTTP/1.1" 200 11 http-bio-8080-exec-7 12
192.168.1.29 - - [26/Apr/2019:16:36:25 +0800] "POST /joker/user/registered.do HTTP/1.1" 200 11 http-bio-8080-exec-7 10
192.168.1.29 - - [26/Apr/2019:16:36:25 +0800] "POST /joker/user/registered.do HTTP/1.1" 200 11 http-bio-8080-exec-7 11
192.168.1.29 - - [26/Apr/2019:16:37:21 +0800] "POST /joker/user/registered.do HTTP/1.1" 200 11 http-bio-8080-exec-7 12
192.168.1.29 - - [26/Apr/2019:16:37:35 +0800] "POST /joker/user/registered.do HTTP/1.1" 200 11 http-bio-8080-exec-5 13
192.168.1.29 - - [26/Apr/2019:16:37:35 +0800] "POST /joker/user/registered.do HTTP/1.1" 200 11 http-bio-8080-exec-5 5
192.168.1.29 - - [26/Apr/2019:16:37:36 +0800] "POST /joker/user/registered.do HTTP/1.1" 200 11 http-bio-8080-exec-5 11
192.168.1.29 - - [26/Apr/2019:16:37:37 +0800] "POST /joker/user/registered.do HTTP/1.1" 200 11 http-bio-8080-exec-5 12
192.168.1.29 - - [26/Apr/2019:16:37:37 +0800] "POST /joker/user/registered.do HTTP/1.1" 200 11 http-bio-8080-exec-5 8
192.168.1.29 - - [26/Apr/2019:16:37:37 +0800] "POST /joker/user/registered.do HTTP/1.1" 200 11 http-bio-8080-exec-5 10
192.168.1.29 - - [26/Apr/2019:16:37:38 +0800] "POST /joker/user/registered.do HTTP/1.1" 200 11 http-bio-8080-exec-5 5
192.168.1.29 - - [26/Apr/2019:16:37:38 +0800] "POST /joker/user/registered.do HTTP/1.1" 200 11 http-bio-8080-exec-5 5
192.168.1.29 - - [26/Apr/2019:16:37:38 +0800] "POST /joker/user/registered.do HTTP/1.1" 200 11 http-bio-8080-exec-5 10
192.168.1.29 - - [26/Apr/2019:16:37:43 +0800] "POST /joker/user/registered.do HTTP/1.1" 200 11 http-bio-8080-exec-5 6
192.168.1.29 - - [26/Apr/2019:16:37:44 +0800] "POST /joker/user/registered.do HTTP/1.1" 200 11 http-bio-8080-exec-5 12
192.168.1.2 - - [26/Apr/2019:16:37:52 +0800] "GET /joker/classCte/getClass.do HTTP/1.1" 200 982 http-bio-8080-exec-3 13
192.168.1.2 - - [26/Apr/2019:16:37:53 +0800] "GET /favicon.ico HTTP/1.1" 404 - http-bio-8080-exec-3 0
192.168.1.29 - - [26/Apr/2019:16:38:46 +0800] "POST /joker/user/registered.do HTTP/1.1" 200 11 http-bio-8080-exec-1 14
192.168.1.29 - - [26/Apr/2019:16:38:49 +0800] "POST /joker/user/registered.do HTTP/1.1" 200 11 http-bio-8080-exec-1 7
192.168.1.29 - - [26/Apr/2019:16:38:50 +0800] "POST /joker/user/registered.do HTTP/1.1" 200 11 http-bio-8080-exec-1 10
192.168.1.32 - - [26/Apr/2019:16:39:04 +0800] "GET /joker/classCte/getClass.do HTTP/1.1" 200 982 http-bio-8080-exec-6 8
192.168.1.29 - - [26/Apr/2019:16:39:04 +0800] "POST /joker/user/registered.do HTTP/1.1" 200 11 http-bio-8080-exec-1 6
192.168.1.29 - - [26/Apr/2019:16:39:15 +0800] "POST /joker/user/registered.do HTTP/1.1" 200 11 http-bio-8080-exec-1 13
192.168.1.35 - - [26/Apr/2019:16:39:41 +0800] "POST /joker/shoppingCart.do HTTP/1.1" 200 - http-bio-8080-exec-5 5
192.168.1.32 - - [26/Apr/2019:16:40:12 +0800] "GET /joker/classCte/getClass.do HTTP/1.1" 200 982 http-bio-8080-exec-7 10
192.168.1.35 - - [26/Apr/2019:16:40:29 +0800] "POST /joker/shoppingCart.do HTTP/1.1" 200 - http-bio-8080-exec-5 4
192.168.1.29 - - [26/Apr/2019:16:40:32 +0800] "POST /joker/user/registered.do HTTP/1.1" 200 11 http-bio-8080-exec-4 12
192.168.1.29 - - [26/Apr/2019:16:41:02 +0800] "POST /joker/user/registered.do HTTP/1.1" 200 11 http-bio-8080-exec-4 7
192.168.1.29 - - [26/Apr/2019:16:41:13 +0800] "POST /joker/user/registered.do HTTP/1.1" 200 11 http-bio-8080-exec-4 9
192.168.1.2 - - [26/Apr/2019:16:41:24 +0800] "GET /joker/classCte/getClass.do HTTP/1.1" 200 982 http-bio-8080-exec-6 12
192.168.1.2 - - [26/Apr/2019:16:41:26 +0800] "GET /joker/classCte/getClass.do HTTP/1.1" 200 982 http-bio-8080-exec-6 12
192.168.1.32 - - [26/Apr/2019:16:41:43 +0800] "GET /joker/classCte/getClass.do HTTP/1.1" 200 982 http-bio-8080-exec-3 13
192.168.1.32 - - [26/Apr/2019:16:42:06 +0800] "GET /joker/classCte/getClass.do HTTP/1.1" 200 982 http-bio-8080-exec-3 17
192.168.1.29 - - [26/Apr/2019:16:42:14 +0800] "POST /joker/user/registered.do HTTP/1.1" 200 11 http-bio-8080-exec-7 7
192.168.1.35 - - [26/Apr/2019:16:42:19 +0800] "OPTIONS /joker/shoppingCart.do HTTP/1.1" 200 - http-bio-8080-exec-9 2
192.168.1.35 - - [26/Apr/2019:16:42:19 +0800] "POST /joker/shoppingCart.do HTTP/1.1" 200 - http-bio-8080-exec-9 3
192.168.1.2 - - [26/Apr/2019:16:42:39 +0800] "GET /joker/classCte/getClass.do HTTP/1.1" 200 982 http-bio-8080-exec-2 16
192.168.1.29 - - [26/Apr/2019:16:42:46 +0800] "POST /joker/user/registered.do HTTP/1.1" 200 11 http-bio-8080-exec-7 11
192.168.1.29 - - [26/Apr/2019:16:42:58 +0800] "POST /joker/user/registered.do HTTP/1.1" 200 11 http-bio-8080-exec-7 13
192.168.1.2 - - [26/Apr/2019:16:43:04 +0800] "GET /joker/classCte/getClass.do HTTP/1.1" 200 982 http-bio-8080-exec-2 14
192.168.1.2 - - [26/Apr/2019:16:43:05 +0800] "GET /joker/classCte/getClass.do HTTP/1.1" 200 982 http-bio-8080-exec-2 11
192.168.1.2 - - [26/Apr/2019:16:43:05 +0800] "GET /joker/classCte/getClass.do HTTP/1.1" 200 982 http-bio-8080-exec-2 10
192.168.1.29 - - [26/Apr/2019:16:43:07 +0800] "POST /joker/user/registered.do HTTP/1.1" 200 11 http-bio-8080-exec-7 20
192.168.1.32 - - [26/Apr/2019:16:43:14 +0800] "GET /joker/classCte/getClass.do HTTP/1.1" 200 982 http-bio-8080-exec-4 14
192.168.1.29 - - [26/Apr/2019:16:43:17 +0800] "POST /joker/user/registered.do HTTP/1.1" 200 11 http-bio-8080-exec-7 5
192.168.1.2 - - [26/Apr/2019:16:43:39 +0800] "GET /joker/classCte/getClass.do HTTP/1.1" 200 982 http-bio-8080-exec-2 16
192.168.1.2 - - [26/Apr/2019:16:43:40 +0800] "GET /joker/classCte/getClass.do HTTP/1.1" 200 982 http-bio-8080-exec-2 13
192.168.1.2 - - [26/Apr/2019:16:43:53 +0800] "GET /joker/classCte/getClass.do HTTP/1.1" 200 982 http-bio-8080-exec-2 17
192.168.1.29 - - [26/Apr/2019:16:43:57 +0800] "POST /joker/user/registered.do HTTP/1.1" 200 11 http-bio-8080-exec-7 8
192.168.1.35 - - [26/Apr/2019:16:44:04 +0800] "POST /joker/shoppingCart.do HTTP/1.1" 200 - http-bio-8080-exec-10 3
192.168.1.29 - - [26/Apr/2019:16:44:07 +0800] "POST /joker/user/registered.do HTTP/1.1" 200 11 http-bio-8080-exec-7 6
192.168.1.29 - - [26/Apr/2019:16:44:28 +0800] "POST /joker/user/registered.do HTTP/1.1" 200 11 http-bio-8080-exec-7 13
192.168.1.32 - - [26/Apr/2019:16:44:29 +0800] "GET /joker/classCte/getClass.do HTTP/1.1" 200 982 http-bio-8080-exec-6 12
192.168.1.35 - - [26/Apr/2019:16:44:34 +0800] "POST /joker/shoppingCart.do?userId=1 HTTP/1.1" 200 721 http-bio-8080-exec-8 31
192.168.1.29 - - [26/Apr/2019:16:45:49 +0800] "POST /joker/user/registered.do HTTP/1.1" 200 11 http-bio-8080-exec-9 15
192.168.1.35 - - [26/Apr/2019:16:45:58 +0800] "POST /joker/shoppingCart.do?userId=1 HTTP/1.1" 200 721 http-bio-8080-exec-5 8
192.168.1.29 - - [26/Apr/2019:16:46:17 +0800] "POST /joker/user/registered.do HTTP/1.1" 200 11 http-bio-8080-exec-9 12
192.168.1.29 - - [26/Apr/2019:16:46:30 +0800] "POST /joker/user/registered.do HTTP/1.1" 200 11 http-bio-8080-exec-9 8
192.168.1.35 - - [26/Apr/2019:16:46:44 +0800] "POST /joker/shoppingCart.do HTTP/1.1" 200 - http-bio-8080-exec-10 4
192.168.1.29 - - [26/Apr/2019:16:46:53 +0800] "POST /joker/user/registered.do HTTP/1.1" 200 11 http-bio-8080-exec-9 13
192.168.1.32 - - [26/Apr/2019:16:47:13 +0800] "GET /joker/classCte/getClass.do HTTP/1.1" 200 982 http-bio-8080-exec-8 7
192.168.1.29 - - [26/Apr/2019:16:47:24 +0800] "POST /joker/user/registered.do HTTP/1.1" 200 11 http-bio-8080-exec-9 7
192.168.1.32 - - [26/Apr/2019:16:47:30 +0800] "GET /joker/classCte/getClass.do HTTP/1.1" 200 982 http-bio-8080-exec-8 15
192.168.1.32 - - [26/Apr/2019:16:47:55 +0800] "GET /joker/classCte/getClass.do HTTP/1.1" 200 982 http-bio-8080-exec-8 18
192.168.1.29 - - [26/Apr/2019:16:47:57 +0800] "POST /joker/user/registered.do HTTP/1.1" 200 11 http-bio-8080-exec-9 9
192.168.1.29 - - [26/Apr/2019:16:48:00 +0800] "POST /joker/user/registered.do HTTP/1.1" 200 11 http-bio-8080-exec-9 12
192.168.1.29 - - [26/Apr/2019:16:50:39 +0800] "POST /joker/user/registered.do HTTP/1.1" 200 11 http-bio-8080-exec-1 341
192.168.1.35 - - [26/Apr/2019:16:50:48 +0800] "POST /joker/shoppingCart.do HTTP/1.1" 200 - http-bio-8080-exec-8 30
192.168.1.2 - - [26/Apr/2019:16:51:18 +0800] "GET /joker/classCte/getClass.do HTTP/1.1" 200 982 http-bio-8080-exec-10 73
192.168.1.35 - - [26/Apr/2019:16:51:45 +0800] "POST /joker/shoppingCart.do HTTP/1.1" 200 - http-bio-8080-exec-9 8
192.168.1.35 - - [26/Apr/2019:16:51:55 +0800] "OPTIONS /joker/shoppingCart.do HTTP/1.1" 200 - http-bio-8080-exec-4 17
192.168.1.35 - - [26/Apr/2019:16:51:55 +0800] "POST /joker/shoppingCart.do HTTP/1.1" 200 - http-bio-8080-exec-4 2
192.168.1.35 - - [26/Apr/2019:16:52:04 +0800] "POST /joker/shoppingCart.do HTTP/1.1" 200 - http-bio-8080-exec-4 4
192.168.1.78 - - [26/Apr/2019:16:52:06 +0800] "GET /joker/classCte/getClass.do HTTP/1.1" 200 982 http-bio-8080-exec-8 16
192.168.1.78 - - [26/Apr/2019:16:52:23 +0800] "GET /joker/classCte/getClass.do HTTP/1.1" 200 982 http-bio-8080-exec-8 26
192.168.1.78 - - [26/Apr/2019:16:52:44 +0800] "GET /joker/classCte/getClass.do HTTP/1.1" 200 982 http-bio-8080-exec-8 25
0:0:0:0:0:0:0:1 - - [26/Apr/2019:16:52:47 +0800] "OPTIONS /joker/shoppingCart.do HTTP/1.1" 200 - http-bio-8080-exec-9 3
0:0:0:0:0:0:0:1 - - [26/Apr/2019:16:52:47 +0800] "POST /joker/shoppingCart.do HTTP/1.1" 200 721 http-bio-8080-exec-9 25
192.168.1.29 - - [26/Apr/2019:16:53:00 +0800] "POST /joker/user/registered.do HTTP/1.1" 200 11 http-bio-8080-exec-6 13
192.168.1.78 - - [26/Apr/2019:16:53:31 +0800] "GET /joker/classCte/getClass.do HTTP/1.1" 200 982 http-bio-8080-exec-8 34
192.168.1.29 - - [26/Apr/2019:16:53:32 +0800] "POST /joker/user/registered.do HTTP/1.1" 200 11 http-bio-8080-exec-6 17
192.168.1.78 - - [26/Apr/2019:16:53:41 +0800] "GET /joker/classCte/getClass.do HTTP/1.1" 200 982 http-bio-8080-exec-8 37
192.168.1.2 - - [26/Apr/2019:16:54:23 +0800] "GET /joker/classCte/getClass.do HTTP/1.1" 200 982 http-bio-8080-exec-2 17
192.168.1.78 - - [26/Apr/2019:16:54:24 +0800] "GET /joker/classCte/getClass.do HTTP/1.1" 200 982 http-bio-8080-exec-8 13
192.168.1.2 - - [26/Apr/2019:16:54:25 +0800] "GET /joker/classCte/getClass.do HTTP/1.1" 200 982 http-bio-8080-exec-2 11
192.168.1.78 - - [26/Apr/2019:16:54:27 +0800] "GET /joker/classCte/getClass.do HTTP/1.1" 200 982 http-bio-8080-exec-8 26
192.168.1.2 - - [26/Apr/2019:16:54:35 +0800] "GET /joker/classCte/getClass.do HTTP/1.1" 200 982 http-bio-8080-exec-2 8
192.168.1.59 - - [26/Apr/2019:16:55:40 +0800] "POST /joker/user/login.do HTTP/1.1" 200 155 http-bio-8080-exec-3 32
192.168.1.2 - - [26/Apr/2019:16:55:42 +0800] "GET /joker/classCte/getClass.do HTTP/1.1" 200 982 http-bio-8080-exec-5 7
192.168.1.2 - - [26/Apr/2019:16:55:43 +0800] "GET /joker/classCte/getClass.do HTTP/1.1" 200 982 http-bio-8080-exec-5 20
192.168.1.59 - - [26/Apr/2019:16:56:15 +0800] "POST /joker/user/login.do HTTP/1.1" 200 155 http-bio-8080-exec-3 16
192.168.1.78 - - [26/Apr/2019:16:56:29 +0800] "GET /joker/classCte/getClass.do HTTP/1.1" 200 982 http-bio-8080-exec-6 8
192.168.1.2 - - [26/Apr/2019:16:56:32 +0800] "GET /joker/classCte/getClass.do HTTP/1.1" 200 982 http-bio-8080-exec-5 15
192.168.1.78 - - [26/Apr/2019:16:56:58 +0800] "GET /joker/classCte/getClass.do HTTP/1.1" 200 982 http-bio-8080-exec-6 20
192.168.1.59 - - [26/Apr/2019:16:58:03 +0800] "POST /joker/user/login.do HTTP/1.1" 200 155 http-bio-8080-exec-9 23
192.168.1.78 - - [26/Apr/2019:16:59:22 +0800] "GET /joker/classCte/getClass.do HTTP/1.1" 200 982 http-bio-8080-exec-4 17
192.168.1.2 - - [26/Apr/2019:16:59:36 +0800] "GET /joker/classCte/getClass.do HTTP/1.1" 200 982 http-bio-8080-exec-7 23
192.168.1.2 - - [26/Apr/2019:16:59:38 +0800] "GET /joker/classCte/getClass.do HTTP/1.1" 200 982 http-bio-8080-exec-7 14
192.168.1.30 - - [26/Apr/2019:17:00:09 +0800] "POST /joker/user/registered.do HTTP/1.1" 200 11 http-bio-8080-exec-3 15
192.168.1.30 - - [26/Apr/2019:17:00:16 +0800] "POST /joker/user/registered.do HTTP/1.1" 200 11 http-bio-8080-exec-3 6
192.168.1.29 - - [26/Apr/2019:17:00:16 +0800] "POST /joker/user/registered.do HTTP/1.1" 200 11 http-bio-8080-exec-1 21
192.168.1.29 - - [26/Apr/2019:17:00:18 +0800] "POST /joker/user/registered.do HTTP/1.1" 200 11 http-bio-8080-exec-10 8
192.168.1.29 - - [26/Apr/2019:17:00:18 +0800] "POST /joker/user/registered.do HTTP/1.1" 200 11 http-bio-8080-exec-10 9
192.168.1.78 - - [26/Apr/2019:17:00:19 +0800] "GET /joker/classCte/getClass.do HTTP/1.1" 200 982 http-bio-8080-exec-4 11
192.168.1.29 - - [26/Apr/2019:17:00:19 +0800] "POST /joker/user/registered.do HTTP/1.1" 200 11 http-bio-8080-exec-10 6
192.168.1.29 - - [26/Apr/2019:17:00:19 +0800] "POST /joker/user/registered.do HTTP/1.1" 200 11 http-bio-8080-exec-10 11
192.168.1.29 - - [26/Apr/2019:17:00:19 +0800] "POST /joker/user/registered.do HTTP/1.1" 200 11 http-bio-8080-exec-10 17
192.168.1.29 - - [26/Apr/2019:17:00:21 +0800] "POST /joker/user/registered.do HTTP/1.1" 200 11 http-bio-8080-exec-1 10
192.168.1.29 - - [26/Apr/2019:17:00:21 +0800] "POST /joker/user/registered.do HTTP/1.1" 200 11 http-bio-8080-exec-2 10
192.168.1.29 - - [26/Apr/2019:17:00:21 +0800] "POST /joker/user/registered.do HTTP/1.1" 200 11 http-bio-8080-exec-5 5
192.168.1.43 - - [26/Apr/2019:17:00:39 +0800] "POST /joker/shoppingCart.do HTTP/1.1" 200 721 http-bio-8080-exec-9 11
192.168.1.78 - - [26/Apr/2019:17:01:17 +0800] "GET /joker/classCte/getClass.do HTTP/1.1" 200 982 http-bio-8080-exec-4 8
192.168.1.35 - - [26/Apr/2019:17:01:40 +0800] "POST /joker/shoppingCart.do HTTP/1.1" 200 721 http-bio-8080-exec-1 21
192.168.1.78 - - [26/Apr/2019:17:02:00 +0800] "GET /joker/classCte/getClass.do HTTP/1.1" 200 982 http-bio-8080-exec-4 9
192.168.1.59 - - [26/Apr/2019:17:02:24 +0800] "POST /joker/user/login.do HTTP/1.1" 200 155 http-bio-8080-exec-6 19
192.168.1.78 - - [26/Apr/2019:17:03:01 +0800] "GET /joker/classCte/getClass.do HTTP/1.1" 200 982 http-bio-8080-exec-3 17
192.168.1.78 - - [26/Apr/2019:17:03:31 +0800] "GET /joker/classCte/getClass.do HTTP/1.1" 200 982 http-bio-8080-exec-3 16
192.168.1.78 - - [26/Apr/2019:17:03:50 +0800] "GET /joker/classCte/getClass.do HTTP/1.1" 200 982 http-bio-8080-exec-3 16
192.168.1.78 - - [26/Apr/2019:17:04:13 +0800] "GET /joker/classCte/getClass.do HTTP/1.1" 200 982 http-bio-8080-exec-3 17
192.168.1.29 - - [26/Apr/2019:17:04:14 +0800] "POST /joker/user/registered.do HTTP/1.1" 200 11 http-bio-8080-exec-7 20
192.168.1.35 - - [26/Apr/2019:17:04:31 +0800] "POST /joker/shoppingCart.do HTTP/1.1" 200 721 http-bio-8080-exec-10 13
192.168.1.29 - - [26/Apr/2019:17:05:31 +0800] "POST /joker/user/registered.do HTTP/1.1" 200 11 http-bio-8080-exec-4 51
192.168.1.78 - - [26/Apr/2019:17:05:37 +0800] "GET /joker/classCte/getClass.do HTTP/1.1" 200 982 http-bio-8080-exec-8 10
192.168.1.78 - - [26/Apr/2019:17:07:10 +0800] "GET /joker/classCte/getClass.do HTTP/1.1" 200 982 http-bio-8080-exec-5 22
192.168.1.21 - - [26/Apr/2019:17:07:11 +0800] "GET /joker/classCte/getClass.do HTTP/1.1" 200 982 http-bio-8080-exec-2 12
192.168.1.30 - - [26/Apr/2019:17:07:21 +0800] "POST /joker/user/registered.do HTTP/1.1" 200 11 http-bio-8080-exec-1 13
192.168.1.30 - - [26/Apr/2019:17:07:21 +0800] "POST /joker/user/registered.do HTTP/1.1" 200 11 http-bio-8080-exec-1 8
192.168.1.30 - - [26/Apr/2019:17:07:22 +0800] "POST /joker/user/registered.do HTTP/1.1" 200 11 http-bio-8080-exec-1 11
192.168.1.30 - - [26/Apr/2019:17:07:22 +0800] "POST /joker/user/registered.do HTTP/1.1" 200 11 http-bio-8080-exec-1 6
192.168.1.30 - - [26/Apr/2019:17:07:22 +0800] "POST /joker/user/registered.do HTTP/1.1" 200 11 http-bio-8080-exec-1 4
192.168.1.30 - - [26/Apr/2019:17:07:22 +0800] "POST /joker/user/registered.do HTTP/1.1" 200 11 http-bio-8080-exec-1 10
192.168.1.30 - - [26/Apr/2019:17:07:22 +0800] "POST /joker/user/registered.do HTTP/1.1" 200 11 http-bio-8080-exec-1 6
192.168.1.30 - - [26/Apr/2019:17:07:22 +0800] "POST /joker/user/registered.do HTTP/1.1" 200 11 http-bio-8080-exec-1 9
192.168.1.30 - - [26/Apr/2019:17:07:22 +0800] "POST /joker/user/registered.do HTTP/1.1" 200 11 http-bio-8080-exec-1 12
192.168.1.30 - - [26/Apr/2019:17:07:23 +0800] "POST /joker/user/registered.do HTTP/1.1" 200 11 http-bio-8080-exec-1 11
192.168.1.30 - - [26/Apr/2019:17:07:23 +0800] "POST /joker/user/registered.do HTTP/1.1" 200 11 http-bio-8080-exec-1 10
192.168.1.30 - - [26/Apr/2019:17:07:23 +0800] "POST /joker/user/registered.do HTTP/1.1" 200 11 http-bio-8080-exec-1 11
192.168.1.30 - - [26/Apr/2019:17:07:23 +0800] "POST /joker/user/registered.do HTTP/1.1" 200 11 http-bio-8080-exec-1 14
192.168.1.21 - - [26/Apr/2019:17:07:40 +0800] "GET /joker/classCte/getClass.do HTTP/1.1" 200 982 http-bio-8080-exec-2 15
192.168.1.21 - - [26/Apr/2019:17:07:40 +0800] "GET /joker/classCte/getClass.do HTTP/1.1" 200 982 http-bio-8080-exec-2 11
192.168.1.78 - - [26/Apr/2019:17:08:03 +0800] "GET /joker/classCte/getClass.do HTTP/1.1" 200 982 http-bio-8080-exec-5 7
192.168.1.78 - - [26/Apr/2019:17:08:19 +0800] "GET /joker/classCte/getClass.do HTTP/1.1" 200 982 http-bio-8080-exec-5 9
192.168.1.78 - - [26/Apr/2019:17:08:37 +0800] "GET /joker/classCte/getClass.do HTTP/1.1" 200 1282 http-bio-8080-exec-5 10
192.168.1.30 - - [26/Apr/2019:17:08:43 +0800] "POST /joker/user/registered.do HTTP/1.1" 200 11 http-bio-8080-exec-8 16
192.168.1.21 - - [26/Apr/2019:17:10:30 +0800] "GET /joker/classCte/getClass.do HTTP/1.1" 200 1282 http-bio-8080-exec-7 14
192.168.1.32 - - [26/Apr/2019:17:11:28 +0800] "GET /joker/classCte/getClass.do HTTP/1.1" 200 1282 http-bio-8080-exec-4 19
192.168.1.32 - - [26/Apr/2019:17:12:01 +0800] "GET /joker/classCte/getClass.do HTTP/1.1" 200 1282 http-bio-8080-exec-4 7
192.168.1.32 - - [26/Apr/2019:17:12:21 +0800] "GET /joker/classCte/getClass.do HTTP/1.1" 200 1282 http-bio-8080-exec-4 26
192.168.1.32 - - [26/Apr/2019:17:13:05 +0800] "GET /joker/classCte/getClass.do HTTP/1.1" 200 1282 http-bio-8080-exec-4 7
192.168.1.41 - - [26/Apr/2019:17:13:20 +0800] "POST /joker/user/login.do HTTP/1.1" 200 169 http-bio-8080-exec-9 15
192.168.1.30 - - [26/Apr/2019:17:13:56 +0800] "POST /joker/user/registered.do HTTP/1.1" 200 11 http-bio-8080-exec-8 8
192.168.1.41 - - [26/Apr/2019:17:14:39 +0800] "POST /joker/user/registered.do HTTP/1.1" 200 11 http-bio-8080-exec-10 24
192.168.1.32 - - [26/Apr/2019:17:14:44 +0800] "GET /joker/classCte/getClass.do HTTP/1.1" 200 1282 http-bio-8080-exec-1 14
192.168.1.32 - - [26/Apr/2019:17:14:57 +0800] "GET /joker/classCte/getClass.do HTTP/1.1" 200 1282 http-bio-8080-exec-1 16
192.168.1.32 - - [26/Apr/2019:17:15:22 +0800] "GET /joker/classCte/getClass.do HTTP/1.1" 200 1282 http-bio-8080-exec-1 12
192.168.1.30 - - [26/Apr/2019:17:15:35 +0800] "POST /joker/user/registered.do HTTP/1.1" 200 11 http-bio-8080-exec-3 7
192.168.1.30 - - [26/Apr/2019:17:15:40 +0800] "POST /joker/user/registered.do HTTP/1.1" 200 11 http-bio-8080-exec-3 6
192.168.1.41 - - [26/Apr/2019:17:17:03 +0800] "POST /joker/user/registered.do HTTP/1.1" 200 11 http-bio-8080-exec-7 5
192.168.1.32 - - [26/Apr/2019:17:17:54 +0800] "GET /joker/classCte/getClass.do HTTP/1.1" 200 1282 http-bio-8080-exec-6 17
192.168.1.32 - - [26/Apr/2019:17:18:11 +0800] "GET /joker/classCte/getClass.do HTTP/1.1" 200 1282 http-bio-8080-exec-6 8
192.168.1.30 - - [26/Apr/2019:17:18:24 +0800] "POST /joker/user/registered.do HTTP/1.1" 200 11 http-bio-8080-exec-5 11
192.168.1.32 - - [26/Apr/2019:17:18:34 +0800] "GET /joker/classCte/getClass.do HTTP/1.1" 200 1282 http-bio-8080-exec-6 16
192.168.1.32 - - [26/Apr/2019:17:19:05 +0800] "GET /joker/classCte/getClass.do HTTP/1.1" 200 1282 http-bio-8080-exec-6 9
192.168.1.32 - - [26/Apr/2019:17:20:03 +0800] "GET /joker/classCte/getClass.do HTTP/1.1" 200 1282 http-bio-8080-exec-6 8
192.168.1.32 - - [26/Apr/2019:17:20:22 +0800] "GET /joker/classCte/getClass.do HTTP/1.1" 200 1282 http-bio-8080-exec-6 6
192.168.1.59 - - [26/Apr/2019:17:20:35 +0800] "GET /joker/login.do HTTP/1.1" 404 949 http-bio-8080-exec-8 22
192.168.1.30 - - [26/Apr/2019:17:20:42 +0800] "POST /joker/user/registered.do HTTP/1.1" 200 11 http-bio-8080-exec-2 16
192.168.1.59 - - [26/Apr/2019:17:20:46 +0800] "GET /joker/login.do HTTP/1.1" 404 949 http-bio-8080-exec-8 3
192.168.1.32 - - [26/Apr/2019:17:21:14 +0800] "GET /joker/classCte/getClass.do HTTP/1.1" 200 1282 http-bio-8080-exec-6 8
192.168.1.32 - - [26/Apr/2019:17:21:31 +0800] "GET /joker/classCte/getClass.do HTTP/1.1" 200 1282 http-bio-8080-exec-6 15
192.168.1.32 - - [26/Apr/2019:17:22:19 +0800] "GET /joker/classCte/getClass.do HTTP/1.1" 200 1282 http-bio-8080-exec-6 17
192.168.1.32 - - [26/Apr/2019:17:22:52 +0800] "GET /joker/classCte/getClass.do HTTP/1.1" 200 1282 http-bio-8080-exec-6 15
192.168.1.32 - - [26/Apr/2019:17:23:47 +0800] "GET /joker/classCte/getClass.do HTTP/1.1" 200 1282 http-bio-8080-exec-6 8
192.168.1.32 - - [26/Apr/2019:17:24:31 +0800] "GET /joker/classCte/getClass.do HTTP/1.1" 200 1282 http-bio-8080-exec-1 363
192.168.1.32 - - [26/Apr/2019:17:24:57 +0800] "GET /joker/classCte/getClass.do HTTP/1.1" 200 1282 http-bio-8080-exec-2 15
192.168.1.2 - - [26/Apr/2019:17:25:01 +0800] "GET /joker/classCte/getClass.do HTTP/1.1" 200 1282 http-bio-8080-exec-4 12
192.168.1.30 - - [26/Apr/2019:17:25:11 +0800] "POST /joker/user/registered.do HTTP/1.1" 200 11 http-bio-8080-exec-6 74
192.168.1.21 - - [26/Apr/2019:17:25:58 +0800] "GET /joker/classCte/getClass.do HTTP/1.1" 200 1282 http-bio-8080-exec-8 23
192.168.1.21 - - [26/Apr/2019:17:25:58 +0800] "GET /favicon.ico HTTP/1.1" 404 - http-bio-8080-exec-10 0
192.168.1.21 - - [26/Apr/2019:17:27:09 +0800] "GET /joker/classCte/getClass.do HTTP/1.1" 200 1282 http-bio-8080-exec-2 21
192.168.1.32 - - [26/Apr/2019:17:28:14 +0800] "GET /joker/classCte/getClass.do HTTP/1.1" 200 1282 http-bio-8080-exec-5 30
192.168.1.21 - - [26/Apr/2019:17:28:16 +0800] "GET /joker/classCte/getClass.do HTTP/1.1" 200 1282 http-bio-8080-exec-3 26
192.168.1.35 - - [26/Apr/2019:17:28:30 +0800] "POST /joker/shoppingCart.do HTTP/1.1" 200 721 http-bio-8080-exec-1 57
192.168.1.21 - - [26/Apr/2019:17:28:35 +0800] "GET /joker/classCte/getClass.do HTTP/1.1" 200 1282 http-bio-8080-exec-3 19
192.168.1.21 - - [26/Apr/2019:17:28:42 +0800] "GET /joker/classCte/getClass.do HTTP/1.1" 200 1282 http-bio-8080-exec-9 9
192.168.1.32 - - [26/Apr/2019:17:29:22 +0800] "GET /joker/classCte/getClass.do HTTP/1.1" 200 1282 http-bio-8080-exec-1 404
192.168.1.30 - - [26/Apr/2019:17:29:55 +0800] "POST /joker/user/registered.do HTTP/1.1" 200 11 http-bio-8080-exec-6 316
192.168.1.32 - - [26/Apr/2019:17:31:04 +0800] "GET /joker/classCte/getClass.do HTTP/1.1" 200 1282 http-bio-8080-exec-8 40
192.168.1.35 - - [26/Apr/2019:17:31:05 +0800] "POST /joker/shoppingCart.do?userId=1 HTTP/1.1" 200 721 http-bio-8080-exec-10 31
0:0:0:0:0:0:0:1 - - [26/Apr/2019:17:31:15 +0800] "POST /joker/user/registered.do?enUsername=jokertank&enReallyname=123456&enPassword=123 HTTP/1.1" 200 11 http-bio-8080-exec-3 16
0:0:0:0:0:0:0:1 - - [26/Apr/2019:17:31:32 +0800] "POST /joker/user/registered.do?enUsername=%E8%B4%9F%E8%B4%A3%E5%BC%80&enReallyname=123456&enPassword=123 HTTP/1.1" 500 4090 http-bio-8080-exec-3 22
192.168.1.32 - - [26/Apr/2019:17:31:35 +0800] "GET /joker/classCte/getClass.do HTTP/1.1" 200 1282 http-bio-8080-exec-9 15
0:0:0:0:0:0:0:1 - - [26/Apr/2019:17:32:14 +0800] "POST /joker/user/registered.do?enUsername=fuzekai&enReallyname=123456&enPassword=123 HTTP/1.1" 500 4090 http-bio-8080-exec-5 13
192.168.1.32 - - [26/Apr/2019:17:33:08 +0800] "GET /joker/classCte/getClass.do HTTP/1.1" 200 1282 http-bio-8080-exec-8 14
0:0:0:0:0:0:0:1 - - [26/Apr/2019:17:34:04 +0800] "POST /joker/user/registered.do?enUsername=fuzekai&enReallyname=123456&enPassword=123 HTTP/1.1" 500 4090 http-bio-8080-exec-2 382
0:0:0:0:0:0:0:1 - - [26/Apr/2019:17:35:30 +0800] "POST /joker/user/registered.do?enUsername=fuzekai&enReallyname=123456&enPassword=123 HTTP/1.1" 500 4090 http-bio-8080-exec-2 248
